Component: ARM Compiler 5.05 update 2 (build 169) Tool: armlink [4d0f33]

==============================================================================

Section Cross References

    main.o(i.main) refers to delay.o(i.delay_init) for delay_init
    main.o(i.main) refers to led.o(i.LED_Init) for LED_Init
    main.o(i.main) refers to adc.o(i.Adc_Init) for Adc_Init
    main.o(i.main) refers to usart.o(i.uart_init) for uart_init
    main.o(i.main) refers to usart3.o(i.USART3_Init) for USART3_Init
    main.o(i.main) refers to __2printf.o(.text) for __2printf
    main.o(i.main) refers to wifiap.o(i.atk_8266_wifiap_test) for atk_8266_wifiap_test
    main.o(i.main) refers to delay.o(i.delay_ms) for delay_ms
    main.o(i.main) refers to usart3.o(.bss) for USART3_RX_BUF
    system_stm32f10x.o(i.SetSysClock) refers to system_stm32f10x.o(i.SetSysClockTo72) for SetSysClockTo72
    system_stm32f10x.o(i.SystemCoreClockUpdate) refers to system_stm32f10x.o(.data) for SystemCoreClock
    system_stm32f10x.o(i.SystemInit) refers to system_stm32f10x.o(i.SetSysClock) for SetSysClock
    led.o(i.LED_Init) refers to stm32f10x_rcc.o(i.RCC_APB2PeriphClockCmd) for RCC_APB2PeriphClockCmd
    led.o(i.LED_Init) refers to stm32f10x_gpio.o(i.GPIO_Init) for GPIO_Init
    adc.o(i.Adc_Init) refers to stm32f10x_rcc.o(i.RCC_APB2PeriphClockCmd) for RCC_APB2PeriphClockCmd
    adc.o(i.Adc_Init) refers to stm32f10x_rcc.o(i.RCC_ADCCLKConfig) for RCC_ADCCLKConfig
    adc.o(i.Adc_Init) refers to stm32f10x_gpio.o(i.GPIO_Init) for GPIO_Init
    adc.o(i.Adc_Init) refers to stm32f10x_adc.o(i.ADC_DeInit) for ADC_DeInit
    adc.o(i.Adc_Init) refers to stm32f10x_adc.o(i.ADC_Init) for ADC_Init
    adc.o(i.Adc_Init) refers to stm32f10x_adc.o(i.ADC_Cmd) for ADC_Cmd
    adc.o(i.Adc_Init) refers to stm32f10x_adc.o(i.ADC_ResetCalibration) for ADC_ResetCalibration
    adc.o(i.Adc_Init) refers to stm32f10x_adc.o(i.ADC_GetResetCalibrationStatus) for ADC_GetResetCalibrationStatus
    adc.o(i.Adc_Init) refers to stm32f10x_adc.o(i.ADC_StartCalibration) for ADC_StartCalibration
    adc.o(i.Adc_Init) refers to stm32f10x_adc.o(i.ADC_GetCalibrationStatus) for ADC_GetCalibrationStatus
    adc.o(i.Get_Adc) refers to stm32f10x_adc.o(i.ADC_RegularChannelConfig) for ADC_RegularChannelConfig
    adc.o(i.Get_Adc) refers to stm32f10x_adc.o(i.ADC_SoftwareStartConvCmd) for ADC_SoftwareStartConvCmd
    adc.o(i.Get_Adc) refers to stm32f10x_adc.o(i.ADC_GetFlagStatus) for ADC_GetFlagStatus
    adc.o(i.Get_Adc) refers to stm32f10x_adc.o(i.ADC_GetConversionValue) for ADC_GetConversionValue
    adc.o(i.Get_Adc_Average) refers to adc.o(i.Get_Adc) for Get_Adc
    adc.o(i.Get_Adc_Average) refers to delay.o(i.delay_ms) for delay_ms
    stmflash.o(i.STMFLASH_Read) refers to stmflash.o(i.STMFLASH_ReadHalfWord) for STMFLASH_ReadHalfWord
    stmflash.o(i.STMFLASH_Write) refers to stm32f10x_flash.o(i.FLASH_Unlock) for FLASH_Unlock
    stmflash.o(i.STMFLASH_Write) refers to stmflash.o(i.STMFLASH_Read) for STMFLASH_Read
    stmflash.o(i.STMFLASH_Write) refers to stm32f10x_flash.o(i.FLASH_ErasePage) for FLASH_ErasePage
    stmflash.o(i.STMFLASH_Write) refers to stmflash.o(i.STMFLASH_Write_NoCheck) for STMFLASH_Write_NoCheck
    stmflash.o(i.STMFLASH_Write) refers to stm32f10x_flash.o(i.FLASH_Lock) for FLASH_Lock
    stmflash.o(i.STMFLASH_Write) refers to stmflash.o(.bss) for STMFLASH_BUF
    stmflash.o(i.STMFLASH_Write_NoCheck) refers to stm32f10x_flash.o(i.FLASH_ProgramHalfWord) for FLASH_ProgramHalfWord
    stmflash.o(i.Test_Write) refers to stmflash.o(i.STMFLASH_Write) for STMFLASH_Write
    delay.o(i.delay_init) refers to misc.o(i.SysTick_CLKSourceConfig) for SysTick_CLKSourceConfig
    delay.o(i.delay_init) refers to system_stm32f10x.o(.data) for SystemCoreClock
    delay.o(i.delay_init) refers to delay.o(.data) for fac_us
    delay.o(i.delay_ms) refers to delay.o(.data) for fac_ms
    delay.o(i.delay_us) refers to delay.o(.data) for fac_us
    usart.o(i.USART1_IRQHandler) refers (Special) to use_no_semi_2.o(.text) for __use_no_semihosting
    usart.o(i.USART1_IRQHandler) refers to stm32f10x_usart.o(i.USART_GetITStatus) for USART_GetITStatus
    usart.o(i._sys_exit) refers (Special) to use_no_semi_2.o(.text) for __use_no_semihosting
    usart.o(i.fputc) refers (Special) to use_no_semi_2.o(.text) for __use_no_semihosting
    usart.o(i.uart_init) refers (Special) to use_no_semi_2.o(.text) for __use_no_semihosting
    usart.o(i.uart_init) refers to stm32f10x_rcc.o(i.RCC_APB2PeriphClockCmd) for RCC_APB2PeriphClockCmd
    usart.o(i.uart_init) refers to stm32f10x_gpio.o(i.GPIO_Init) for GPIO_Init
    usart.o(i.uart_init) refers to misc.o(i.NVIC_Init) for NVIC_Init
    usart.o(i.uart_init) refers to stm32f10x_usart.o(i.USART_Init) for USART_Init
    usart.o(i.uart_init) refers to stm32f10x_usart.o(i.USART_ITConfig) for USART_ITConfig
    usart.o(i.uart_init) refers to stm32f10x_usart.o(i.USART_Cmd) for USART_Cmd
[...]
    ..\ATK-ESP8266\common.c                  0x00000000   Number         0  common.o ABSOLUTE
    ..\ATK-ESP8266\wifiap.c                  0x00000000   Number         0  wifiap.o ABSOLUTE
    ..\CORE\core_cm3.c                       0x00000000   Number         0  core_cm3.o ABSOLUTE
    ..\CORE\startup_stm32f10x_hd.s           0x00000000   Number         0  startup_stm32f10x_hd.o ABSOLUTE
    ..\HARDWARE\ADC\adc.c                    0x00000000   Number         0  adc.o ABSOLUTE
    ..\HARDWARE\LED\led.c                    0x00000000   Number         0  led.o ABSOLUTE
    ..\HARDWARE\STMFLASH\stmflash.c          0x00000000   Number         0  stmflash.o ABSOLUTE
    ..\MALLOC\malloc.c                       0x00000000   Number         0  malloc.o ABSOLUTE
    ..\PROCESS\process.c                     0x00000000   Number         0  process.o ABSOLUTE
    ..\STM32F10x_FWLib\src\misc.c            0x00000000   Number         0  misc.o ABSOLUTE
    ..\STM32F10x_FWLib\src\stm32f10x_adc.c   0x00000000   Number         0  stm32f10x_adc.o ABSOLUTE
    ..\STM32F10x_FWLib\src\stm32f10x_dbgmcu.c 0x00000000   Number         0  stm32f10x_dbgmcu.o ABSOLUTE
    ..\STM32F10x_FWLib\src\stm32f10x_dma.c   0x00000000   Number         0  stm32f10x_dma.o ABSOLUTE
    ..\STM32F10x_FWLib\src\stm32f10x_flash.c 0x00000000   Number         0  stm32f10x_flash.o ABSOLUTE
    ..\STM32F10x_FWLib\src\stm32f10x_gpio.c  0x00000000   Number         0  stm32f10x_gpio.o ABSOLUTE
    ..\STM32F10x_FWLib\src\stm32f10x_rcc.c   0x00000000   Number         0  stm32f10x_rcc.o ABSOLUTE
    ..\STM32F10x_FWLib\src\stm32f10x_tim.c   0x00000000   Number         0  stm32f10x_tim.o ABSOLUTE
    ..\STM32F10x_FWLib\src\stm32f10x_usart.c 0x00000000   Number         0  stm32f10x_usart.o ABSOLUTE
    ..\SYSTEM\delay\delay.c                  0x00000000   Number         0  delay.o ABSOLUTE
    ..\SYSTEM\sys\sys.c                      0x00000000   Number         0  sys.o ABSOLUTE
    ..\SYSTEM\usart\usart.c                  0x00000000   Number         0  usart.o ABSOLUTE
    ..\SYSTEM\usart\usart3.c                 0x00000000   Number         0  usart3.o ABSOLUTE
    ..\\CORE\\core_cm3.c                     0x00000000   Number         0  core_cm3.o ABSOLUTE
    ..\\SYSTEM\\sys\\sys.c                   0x00000000   Number         0  sys.o ABSOLUTE
    dc.s                                     0x00000000   Number         0  dc.o ABSOLUTE
    main.c                                   0x00000000   Number         0  main.o ABSOLUTE
    stm32f10x_it.c                           0x00000000   Number         0  stm32f10x_it.o ABSOLUTE
    system_stm32f10x.c                       0x00000000   Number         0  system_stm32f10x.o ABSOLUTE
    RESET                                    0x08000000   Section      304  startup_stm32f10x_hd.o(RESET)
    !!!main                                  0x08000130   Section        8  __main.o(!!!main)
    !!!scatter                               0x08000138   Section       52  __scatter.o(!!!scatter)
    !!handler_copy                           0x0800016c   Section       26  __scatter_copy.o(!!handler_copy)
    !!handler_zi                             0x08000188   Section       28  __scatter_zi.o(!!handler_zi)
    .ARM.Collect$$_printf_percent$$00000000  0x080001a4   Section        0  _printf_percent.o(.ARM.Collect$$_printf_percent$$00000000)
    .ARM.Collect$$_printf_percent$$00000001  0x080001a4   Section        6  _printf_n.o(.ARM.Collect$$_printf_percent$$00000001)
    .ARM.Collect$$_printf_percent$$00000002  0x080001aa   Section        6  _printf_p.o(.ARM.Collect$$_printf_percent$$00000002)
    .ARM.Collect$$_printf_percent$$00000003  0x080001b0   Section        6  _printf_f.o(.ARM.Collect$$_printf_percent$$00000003)
    .ARM.Collect$$_printf_percent$$00000004  0x080001b6   Section        6  _printf_e.o(.ARM.Collect$$_printf_percent$$00000004)
    .ARM.Collect$$_printf_percent$$00000005  0x080001bc   Section        6  _printf_g.o(.ARM.Collect$$_printf_percent$$00000005)
    .ARM.Collect$$_printf_percent$$00000006  0x080001c2   Section        6  _printf_a.o(.ARM.Collect$$_printf_percent$$00000006)
    .ARM.Collect$$_printf_percent$$00000007  0x080001c8   Section       10  _printf_ll.o(.ARM.Collect$$_printf_percent$$00000007)
    .ARM.Collect$$_printf_percent$$00000008  0x080001d2   Section        6  _printf_i.o(.ARM.Collect$$_printf_percent$$00000008)
    .ARM.Collect$$_printf_percent$$00000009  0x080001d8   Section        6  _printf_d.o(.ARM.Collect$$_printf_percent$$00000009)
    .ARM.Collect$$_printf_percent$$0000000A  0x080001de   Section        6  _printf_u.o(.ARM.Collect$$_printf_percent$$0000000A)
    .ARM.Collect$$_printf_percent$$0000000B  0x080001e4   Section        6  _printf_o.o(.ARM.Collect$$_printf_percent$$0000000B)
    .ARM.Collect$$_printf_percent$$0000000C  0x080001ea   Section        6  _printf_x.o(.ARM.Collect$$_printf_percent$$0000000C)
    .ARM.Collect$$_printf_percent$$0000000D  0x080001f0   Section        6  _printf_lli.o(.ARM.Collect$$_printf_percent$$0000000D)
    .ARM.Collect$$_printf_percent$$0000000E  0x080001f6   Section        6  _printf_lld.o(.ARM.Collect$$_printf_percent$$0000000E)
    .ARM.Collect$$_printf_percent$$0000000F  0x080001fc   Section        6  _printf_llu.o(.ARM.Collect$$_printf_percent$$0000000F)
    .ARM.Collect$$_printf_percent$$00000010  0x08000202   Section        6  _printf_llo.o(.ARM.Collect$$_printf_percent$$00000010)
    .ARM.Collect$$_printf_percent$$00000011  0x08000208   Section        6  _printf_llx.o(.ARM.Collect$$_printf_percent$$00000011)
    .ARM.Collect$$_printf_percent$$00000012  0x0800020e   Section       10  _printf_l.o(.ARM.Collect$$_printf_percent$$00000012)
    .ARM.Collect$$_printf_percent$$00000013  0x08000218   Section        6  _printf_c.o(.ARM.Collect$$_printf_percent$$00000013)
    .ARM.Collect$$_printf_percent$$00000014  0x0800021e   Section        6  _printf_s.o(.ARM.Collect$$_printf_percent$$00000014)
    .ARM.Collect$$_printf_percent$$00000015  0x08000224   Section        6  _printf_lc.o(.ARM.Collect$$_printf_percent$$00000015)
    .ARM.Collect$$_printf_percent$$00000016  0x0800022a   Section        6  _printf_ls.o(.ARM.Collect$$_printf_percent$$00000016)
    .ARM.Collect$$_printf_percent$$00000017  0x08000230   Section        4  _printf_percent_end.o(.ARM.Collect$$_printf_percent$$00000017)
    .ARM.Collect$$libinit$$00000000          0x08000234   Section        2  libinit.o(.ARM.Collect$$libinit$$00000000)
    .ARM.Collect$$libinit$$00000002          0x08000236   Section        0  libinit2.o(.ARM.Collect$$libinit$$00000002)
    .ARM.Collect$$libinit$$00000004          0x08000236   Section        0  libinit2.o(.ARM.Collect$$libinit$$00000004)
    .ARM.Collect$$libinit$$0000000A          0x08000236   Section        0  libinit2.o(.ARM.Collect$$libinit$$0000000A)
    .ARM.Collect$$libinit$$0000000C          0x08000236   Section        0  libinit2.o(.ARM.Collect$$libinit$$0000000C)
    .ARM.Collect$$libinit$$0000000E          0x08000236   Section        0  libinit2.o(.ARM.Collect$$libinit$$0000000E)
    .ARM.Collect$$libinit$$0000000F          0x08000236   Section        6  libinit2.o(.ARM.Collect$$libinit$$0000000F)
    .ARM.Collect$$libinit$$00000011          0x0800023c   Section        0  libinit2.o(.ARM.Collect$$libinit$$00000011)
    .ARM.Collect$$libinit$$00000012          0x0800023c   Section       12  libinit2.o(.ARM.Collect$$libinit$$00000012)
    .ARM.Collect$$libinit$$00000013          0x08000248   Section        0  libinit2.o(.ARM.Collect$$libinit$$00000013)
    .ARM.Collect$$libinit$$00000015          0x08000248   Section        0  libinit2.o(.ARM.Collect$$libinit$$00000015)
    .ARM.Collect$$libinit$$00000016          0x08000248   Section       10  libinit2.o(.ARM.Collect$$libinit$$00000016)
    .ARM.Collect$$libinit$$00000017          0x08000252   Section        0  libinit2.o(.ARM.Collect$$libinit$$00000017)
    .ARM.Collect$$libinit$$00000019          0x08000252   Section        0  libinit2.o(.ARM.Collect$$libinit$$00000019)
    .ARM.Collect$$libinit$$0000001B          0x08000252   Section        0  libinit2.o(.ARM.Collect$$libinit$$0000001B)
    .ARM.Collect$$libinit$$0000001D          0x08000252   Section        0  libinit2.o(.ARM.Collect$$libinit$$0000001D)
    .ARM.Collect$$libinit$$0000001F          0x08000252   Section        0  libinit2.o(.ARM.Collect$$libinit$$0000001F)
    .ARM.Collect$$libinit$$00000021          0x08000252   Section        0  libinit2.o(.ARM.Collect$$libinit$$00000021)
    .ARM.Collect$$libinit$$00000023          0x08000252   Section        0  libinit2.o(.ARM.Collect$$libinit$$00000023)
    .ARM.Collect$$libinit$$00000025          0x08000252   Section        0  libinit2.o(.ARM.Collect$$libinit$$00000025)
    .ARM.Collect$$libinit$$0000002C          0x08000252   Section        0  libinit2.o(.ARM.Collect$$libinit$$0000002C)
    .ARM.Collect$$libinit$$0000002E          0x08000252   Section        0  libinit2.o(.ARM.Collect$$libinit$$0000002E)
    .ARM.Collect$$libinit$$00000030          0x08000252   Section        0  libinit2.o(.ARM.Collect$$libinit$$00000030)
    .ARM.Collect$$libinit$$00000032          0x08000252   Section        0  libinit2.o(.ARM.Collect$$libinit$$00000032)
    .ARM.Collect$$libinit$$00000033          0x08000252   Section        2  libinit2.o(.ARM.Collect$$libinit$$00000033)
    .ARM.Collect$$libshutdown$$00000000      0x08000254   Section        2  libshutdown.o(.ARM.Collect$$libshutdown$$00000000)
    .ARM.Collect$$libshutdown$$00000003      0x08000256   Section        0  libshutdown2.o(.ARM.Collect$$libshutdown$$00000003)
    .ARM.Collect$$libshutdown$$00000006      0x08000256   Section        0  libshutdown2.o(.ARM.Collect$$libshutdown$$00000006)
    .ARM.Collect$$libshutdown$$00000009      0x08000256   Section        0  libshutdown2.o(.ARM.Collect$$libshutdown$$00000009)
    .ARM.Collect$$libshutdown$$0000000B      0x08000256   Section        0  libshutdown2.o(.ARM.Collect$$libshutdown$$0000000B)
    .ARM.Collect$$libshutdown$$0000000E      0x08000256   Section        0  libshutdown2.o(.ARM.Collect$$libshutdown$$0000000E)
    .ARM.Collect$$libshutdown$$0000000F      0x08000256   Section        2  libshutdown2.o(.ARM.Collect$$libshutdown$$0000000F)
    .ARM.Collect$$rtentry$$00000000          0x08000258   Section        0  __rtentry.o(.ARM.Collect$$rtentry$$00000000)
    .ARM.Collect$$rtentry$$00000002          0x08000258   Section        0  __rtentry2.o(.ARM.Collect$$rtentry$$00000002)
    .ARM.Collect$$rtentry$$00000004          0x08000258   Section        6  __rtentry4.o(.ARM.Collect$$rtentry$$00000004)
    .ARM.Collect$$rtentry$$00000009          0x0800025e   Section        0  __rtentry2.o(.ARM.Collect$$rtentry$$00000009)
    .ARM.Collect$$rtentry$$0000000A          0x0800025e   Section        4  __rtentry2.o(.ARM.Collect$$rtentry$$0000000A)
    .ARM.Collect$$rtentry$$0000000C          0x08000262   Section        0  __rtentry2.o(.ARM.Collect$$rtentry$$0000000C)
    .ARM.Collect$$rtentry$$0000000D          0x08000262   Section        8  __rtentry2.o(.ARM.Collect$$rtentry$$0000000D)
    .ARM.Collect$$rtexit$$00000000           0x0800026a   Section        2  rtexit.o(.ARM.Collect$$rtexit$$00000000)
    .ARM.Collect$$rtexit$$00000002           0x0800026c   Section        0  rtexit2.o(.ARM.Collect$$rtexit$$00000002)
    .ARM.Collect$$rtexit$$00000003           0x0800026c   Section        4  rtexit2.o(.ARM.Collect$$rtexit$$00000003)
    .ARM.Collect$$rtexit$$00000004           0x08000270   Section        6  rtexit2.o(.ARM.Collect$$rtexit$$00000004)
    .text                                    0x08000278   Section       64  startup_stm32f10x_hd.o(.text)
    .text                                    0x080002b8   Section        2  use_no_semi_2.o(.text)
    .text                                    0x080002bc   Section        0  c89vsprintf.o(.text)
    .text                                    0x080002e0   Section        0  __2printf.o(.text)
    .text                                    0x080002f8   Section        0  _printf_str.o(.text)
    .text                                    0x0800034c   Section        0  _printf_dec.o(.text)
    .text                                    0x080003c4   Section        0  __printf_flags_ss_wp.o(.text)
    .text                                    0x0800054c   Section        0  strstr.o(.text)
    .text                                    0x08000570   Section        0  strlen.o(.text)
    .text                                    0x080005ae   Section        0  heapauxi.o(.text)
    .text                                    0x080005b4   Section        2  use_no_semi.o(.text)
    .text                                    0x080005b6   Section        0  _printf_pad.o(.text)
    .text                                    0x08000604   Section        0  _printf_truncate.o(.text)
    .text                                    0x08000628   Section        0  _printf_intcommon.o(.text)
    .text                                    0x080006da   Section        0  _printf_charcount.o(.text)
    .text                                    0x08000702   Section        0  _printf_fp_dec.o(.text)
    _fp_digits                               0x08000705   Thumb Code   428  _printf_fp_dec.o(.text)
    .text                                    0x08000b1c   Section        0  _printf_char_common.o(.text)
    _printf_input_char                       0x08000b1d   Thumb Code    10  _printf_char_common.o(.text)
    .text                                    0x08000b4c   Section        0  _sputc.o(.text)
    .text                                    0x08000b56   Section        0  _printf_char.o(.text)
    .text                                    0x08000b84   Section        0  _printf_char_file.o(.text)
    .text                                    0x08000ba8   Section        0  _printf_wctomb.o(.text)
    .text                                    0x08000c64   Section        0  _printf_longlong_dec.o(.text)
    .text                                    0x08000ce0   Section        0  _printf_oct_int_ll.o(.text)
    _printf_longlong_oct_internal            0x08000ce1   Thumb Code     0  _printf_oct_int_ll.o(.text)
    .text                                    0x08000d50   Section        0  _printf_hex_int_ll_ptr.o(.text)
    _printf_hex_common                       0x08000d51   Thumb Code     0  _printf_hex_int_ll_ptr.o(.text)
    .text                                    0x08000de4   Section        8  rt_locale_intlibspace.o(.text)
    .text                                    0x08000dec   Section      138  lludiv10.o(.text)
    .text                                    0x08000e78   Section        0  _printf_fp_infnan.o(.text)
    .text                                    0x08000ef8   Section        0  _printf_wchar.o(.text)
    .text                                    0x08000f24   Section        0  bigflt0.o(.text)
    .text                                    0x08001000   Section        0  ferror.o(.text)
    .text                                    0x08001008   Section        0  _wcrtomb.o(.text)
    .text                                    0x08001048   Section        8  libspace.o(.text)
    .text                                    0x08001050   Section       74  sys_stackheap_outer.o(.text)
    .text                                    0x0800109c   Section       16  rt_ctype_table.o(.text)
    .text                                    0x080010ac   Section        0  exit.o(.text)
    .text                                    0x080010b8   Section      128  strcmpv7m.o(.text)
    CL$$btod_d2e                             0x08001138   Section       62  btod.o(CL$$btod_d2e)
    CL$$btod_d2e_denorm_low                  0x08001176   Section       70  btod.o(CL$$btod_d2e_denorm_low)
    CL$$btod_d2e_norm_op1                    0x080011bc   Section       96  btod.o(CL$$btod_d2e_norm_op1)
    CL$$btod_div_common                      0x0800121c   Section      824  btod.o(CL$$btod_div_common)
    CL$$btod_e2e                             0x08001554   Section      198  btod.o(CL$$btod_e2e)
    CL$$btod_ediv                            0x0800161a   Section       40  btod.o(CL$$btod_ediv)
    CL$$btod_emul                            0x08001642   Section       40  btod.o(CL$$btod_emul)
    CL$$btod_mult_common                     0x0800166a   Section      580  btod.o(CL$$btod_mult_common)
    i.ADC_Cmd                                0x080018ae   Section        0  stm32f10x_adc.o(i.ADC_Cmd)
    i.ADC_DeInit                             0x080018c4   Section        0  stm32f10x_adc.o(i.ADC_DeInit)
    i.ADC_GetCalibrationStatus               0x08001920   Section        0  stm32f10x_adc.o(i.ADC_GetCalibrationStatus)
    i.ADC_GetResetCalibrationStatus          0x08001934   Section        0  stm32f10x_adc.o(i.ADC_GetResetCalibrationStatus)
    i.ADC_Init                               0x08001948   Section        0  stm32f10x_adc.o(i.ADC_Init)
    i.ADC_ResetCalibration                   0x08001998   Section        0  stm32f10x_adc.o(i.ADC_ResetCalibration)
    i.ADC_StartCalibration                   0x080019a2   Section        0  stm32f10x_adc.o(i.ADC_StartCalibration)
    i.Adc_Init                               0x080019ac   Section        0  adc.o(i.Adc_Init)
    i.BusFault_Handler                       0x08001a50   Section        0  stm32f10x_it.o(i.BusFault_Handler)
    i.DMA_Cmd                                0x08001a54   Section        0  stm32f10x_dma.o(i.DMA_Cmd)
    i.DMA_DeInit                             0x08001a6c   Section        0  stm32f10x_dma.o(i.DMA_DeInit)
    i.DMA_GetCurrDataCounter                 0x08001bb8   Section        0  stm32f10x_dma.o(i.DMA_GetCurrDataCounter)
    i.DMA_Init                               0x08001bc0   Section        0  stm32f10x_dma.o(i.DMA_Init)
    i.DMA_SetCurrDataCounter                 0x08001bfc   Section        0  stm32f10x_dma.o(i.DMA_SetCurrDataCounter)
    i.DebugMon_Handler                       0x08001c00   Section        0  stm32f10x_it.o(i.DebugMon_Handler)
    i.GPIO_Init                              0x08001c02   Section        0  stm32f10x_gpio.o(i.GPIO_Init)
    i.HardFault_Handler                      0x08001d18   Section        0  stm32f10x_it.o(i.HardFault_Handler)
    i.LED_Init                               0x08001d1c   Section        0  led.o(i.LED_Init)
    i.MemManage_Handler                      0x08001d68   Section        0  stm32f10x_it.o(i.MemManage_Handler)
    i.NMI_Handler                            0x08001d6c   Section        0  stm32f10x_it.o(i.NMI_Handler)
    i.NVIC_Init                              0x08001d70   Section        0  misc.o(i.NVIC_Init)
    i.PendSV_Handler                         0x08001de0   Section        0  stm32f10x_it.o(i.PendSV_Handler)
    i.RCC_ADCCLKConfig                       0x08001de4   Section        0  stm32f10x_rcc.o(i.RCC_ADCCLKConfig)
    i.RCC_AHBPeriphClockCmd                  0x08001dfc   Section        0  stm32f10x_rcc.o(i.RCC_AHBPeriphClockCmd)
    i.RCC_APB1PeriphClockCmd                 0x08001e1c   Section        0  stm32f10x_rcc.o(i.RCC_APB1PeriphClockCmd)
    i.RCC_APB1PeriphResetCmd                 0x08001e3c   Section        0  stm32f10x_rcc.o(i.RCC_APB1PeriphResetCmd)
    i.RCC_APB2PeriphClockCmd                 0x08001e5c   Section        0  stm32f10x_rcc.o(i.RCC_APB2PeriphClockCmd)
    i.RCC_APB2PeriphResetCmd                 0x08001e7c   Section        0  stm32f10x_rcc.o(i.RCC_APB2PeriphResetCmd)
    i.RCC_GetClocksFreq                      0x08001e9c   Section        0  stm32f10x_rcc.o(i.RCC_GetClocksFreq)
    i.SVC_Handler                            0x08001f70   Section        0  stm32f10x_it.o(i.SVC_Handler)
    i.SetSysClock                            0x08001f72   Section        0  system_stm32f10x.o(i.SetSysClock)
    SetSysClock                              0x08001f73   Thumb Code     8  system_stm32f10x.o(i.SetSysClock)
    i.SetSysClockTo72                        0x08001f7c   Section        0  system_stm32f10x.o(i.SetSysClockTo72)
    SetSysClockTo72                          0x08001f7d   Thumb Code   214  system_stm32f10x.o(i.SetSysClockTo72)
    i.SysTick_CLKSourceConfig                0x0800205c   Section        0  misc.o(i.SysTick_CLKSourceConfig)
    i.SysTick_Handler                        0x08002084   Section        0  stm32f10x_it.o(i.SysTick_Handler)
    i.SystemInit                             0x08002088   Section        0  system_stm32f10x.o(i.SystemInit)
    i.TIM4_IRQHandler                        0x080020e8   Section        0  usart3.o(i.TIM4_IRQHandler)
    i.TIM4_Init                              0x08002118   Section        0  usart3.o(i.TIM4_Init)
    i.TIM4_Set                               0x08002170   Section        0  usart3.o(i.TIM4_Set)
    i.TIM_ClearITPendingBit                  0x08002198   Section        0  stm32f10x_tim.o(i.TIM_ClearITPendingBit)
    i.TIM_Cmd                                0x0800219e   Section        0  stm32f10x_tim.o(i.TIM_Cmd)
    i.TIM_GetITStatus                        0x080021b6   Section        0  stm32f10x_tim.o(i.TIM_GetITStatus)
    i.TIM_ITConfig                           0x080021d8   Section        0  stm32f10x_tim.o(i.TIM_ITConfig)
    i.TIM_SetCounter                         0x080021ea   Section        0  stm32f10x_tim.o(i.TIM_SetCounter)
    i.TIM_TimeBaseInit                       0x080021f0   Section        0  stm32f10x_tim.o(i.TIM_TimeBaseInit)
    i.UART_DMA_Config                        0x08002294   Section        0  usart3.o(i.UART_DMA_Config)
    i.UART_DMA_Enable                        0x080022dc   Section        0  usart3.o(i.UART_DMA_Enable)
    i.USART1_IRQHandler                      0x080022fc   Section        0  usart.o(i.USART1_IRQHandler)
    i.USART3_IRQHandler                      0x08002310   Section        0  usart3.o(i.USART3_IRQHandler)
    i.USART3_Init                            0x08002374   Section        0  usart3.o(i.USART3_Init)
    i.USART_Cmd                              0x0800245c   Section        0  stm32f10x_usart.o(i.USART_Cmd)
    i.USART_DMACmd                           0x08002474   Section        0  stm32f10x_usart.o(i.USART_DMACmd)
    i.USART_DeInit                           0x08002488   Section        0  stm32f10x_usart.o(i.USART_DeInit)
    i.USART_GetITStatus                      0x08002524   Section        0  stm32f10x_usart.o(i.USART_GetITStatus)
    i.USART_ITConfig                         0x08002578   Section        0  stm32f10x_usart.o(i.USART_ITConfig)
    i.USART_Init                             0x080025c4   Section        0  stm32f10x_usart.o(i.USART_Init)
    i.USART_ReceiveData                      0x0800269c   Section        0  stm32f10x_usart.o(i.USART_ReceiveData)
    i.UsageFault_Handler                     0x080026a6   Section        0  stm32f10x_it.o(i.UsageFault_Handler)
    i.__ARM_fpclassify                       0x080026aa   Section        0  fpclassify.o(i.__ARM_fpclassify)
    i._is_digit                              0x080026d2   Section        0  __printf_wp.o(i._is_digit)
    i._sys_exit                              0x080026e0   Section        0  usart.o(i._sys_exit)
    i.atk_8266_at_response                   0x080026e4   Section        0  common.o(i.atk_8266_at_response)
    i.atk_8266_check_cmd                     0x08002720   Section        0  common.o(i.atk_8266_check_cmd)
    i.atk_8266_send_cmd                      0x08002754   Section        0  common.o(i.atk_8266_send_cmd)
    i.atk_8266_wifiap_test                   0x080027c8   Section        0  wifiap.o(i.atk_8266_wifiap_test)
    i.delay_init                             0x08002860   Section        0  delay.o(i.delay_init)
    i.delay_ms                               0x080028a4   Section        0  delay.o(i.delay_ms)
    i.fputc                                  0x080028f0   Section        0  usart.o(i.fputc)
    i.main                                   0x0800290c   Section        0  main.o(i.main)
    i.u3_printf                              0x080029e8   Section        0  usart3.o(i.u3_printf)
    i.uart_init                              0x08002a28   Section        0  usart.o(i.uart_init)
    locale$$code                             0x08002ac8   Section       44  lc_numeric_c.o(locale$$code)
    locale$$code                             0x08002af4   Section       44  lc_ctype_c.o(locale$$code)
    x$fpl$printf1                            0x08002b20   Section        4  printf1.o(x$fpl$printf1)
    .constdata                               0x08002b24   Section       17  __printf_flags_ss_wp.o(.constdata)
    x$fpl$usenofp                            0x08002b24   Section        0  usenofp.o(x$fpl$usenofp)
    maptable                                 0x08002b24   Data          17  __printf_flags_ss_wp.o(.constdata)
    .constdata                               0x08002b38   Section        8  _printf_wctomb.o(.constdata)
    initial_mbstate                          0x08002b38   Data           8  _printf_wctomb.o(.constdata)
    .constdata                               0x08002b40   Section       40  _printf_hex_int_ll_ptr.o(.constdata)
    uc_hextab                                0x08002b40   Data          20  _printf_hex_int_ll_ptr.o(.constdata)
    lc_hextab                                0x08002b54   Data          20  _printf_hex_int_ll_ptr.o(.constdata)
    .constdata                               0x08002b68   Section      148  bigflt0.o(.constdata)
    tenpwrs_x                                0x08002b68   Data          60  bigflt0.o(.constdata)
    tenpwrs_i                                0x08002ba4   Data          64  bigflt0.o(.constdata)
    locale$$data                             0x08002c1c   Section       28  lc_numeric_c.o(locale$$data)
    __lcnum_c_name                           0x08002c20   Data           2  lc_numeric_c.o(locale$$data)
    __lcnum_c_start                          0x08002c28   Data           0  lc_numeric_c.o(locale$$data)
    __lcnum_c_point                          0x08002c34   Data           0  lc_numeric_c.o(locale$$data)
    __lcnum_c_thousands                      0x08002c36   Data           0  lc_numeric_c.o(locale$$data)
    __lcnum_c_grouping                       0x08002c37   Data           0  lc_numeric_c.o(locale$$data)
    locale$$data                             0x08002c38   Section      272  lc_ctype_c.o(locale$$data)
    __lcnum_c_end                            0x08002c38   Data           0  lc_numeric_c.o(locale$$data)
    __lcctype_c_name                         0x08002c3c   Data           2  lc_ctype_c.o(locale$$data)
    __lcctype_c_start                        0x08002c44   Data           0  lc_ctype_c.o(locale$$data)
    __lcctype_c_end                          0x08002d48   Data           0  lc_ctype_c.o(locale$$data)
    .data                                    0x20000000   Section       20  system_stm32f10x.o(.data)
    .data                                    0x20000014   Section        4  delay.o(.data)
    fac_us                                   0x20000014   Data           1  delay.o(.data)
    fac_ms                                   0x20000016   Data           2  delay.o(.data)
    .data                                    0x20000018   Section        6  usart.o(.data)
    .data                                    0x2000001e   Section        2  usart3.o(.data)
    .data                                    0x20000020   Section       20  stm32f10x_rcc.o(.data)
    APBAHBPrescTable                         0x20000020   Data          16  stm32f10x_rcc.o(.data)
    ADCPrescTable                            0x20000030   Data           4  stm32f10x_rcc.o(.data)
    .bss                                     0x20000038   Section     2048  usart3.o(.bss)
    .bss                                     0x20000838   Section       96  libspace.o(.bss)
    HEAP                                     0x20000898   Section      512  startup_stm32f10x_hd.o(HEAP)
    Heap_Mem                                 0x20000898   Data         512  startup_stm32f10x_hd.o(HEAP)
    STACK                                    0x20000a98   Section     1024  startup_stm32f10x_hd.o(STACK)
    Stack_Mem                                0x20000a98   Data        1024  startup_stm32f10x_hd.o(STACK)
    __initial_sp                             0x20000e98   Data           0  startup_stm32f10x_hd.o(STACK)

    Global Symbols

    Symbol Name                              Value     Ov Type        Size  Object(Section)

    BuildAttributes$$THM_ISAv4$P$D$K$B$S$PE$A:L22UL41UL21$X:L11$S22US41US21$IEEE1$IW$USESV6$~STKCKD$USESV7$~SHL$OTIME$ROPI$IEEEJ$EBA8$UX$STANDARDLIB$REQ8$PRES8$EABIv2 0x00000000   Number         0  anon$$obj.o ABSOLUTE
    __ARM_use_no_argv                        0x00000000   Number         0  main.o ABSOLUTE
    _printf_flags                            0x00000000   Number         0  printf_stubs.o ABSOLUTE
    _printf_return_value                     0x00000000   Number         0  printf_stubs.o ABSOLUTE
    _printf_sizespec                         0x00000000   Number         0  printf_stubs.o ABSOLUTE
    _printf_widthprec                        0x00000000   Number         0  printf_stubs.o ABSOLUTE
    __ARM_exceptions_init                     - Undefined Weak Reference
    __alloca_initialize                       - Undefined Weak Reference
    __arm_preinit_                            - Undefined Weak Reference
    __cpp_initialize__aeabi_                  - Undefined Weak Reference
    __cxa_finalize                            - Undefined Weak Reference
    __sigvec_lookup                           - Undefined Weak Reference
    _atexit_init                              - Undefined Weak Reference
    _call_atexit_fns                          - Undefined Weak Reference
    _clock_init                               - Undefined Weak Reference
    _fp_trap_init                             - Undefined Weak Reference
    _fp_trap_shutdown                         - Undefined Weak Reference
    _get_lc_collate                           - Undefined Weak Reference
    _get_lc_monetary                          - Undefined Weak Reference
    _get_lc_time                              - Undefined Weak Reference
    _getenv_init                              - Undefined Weak Reference
    _handle_redirection                       - Undefined Weak Reference
    _init_alloc                               - Undefined Weak Reference
    _init_user_alloc                          - Undefined Weak Reference
    _initio                                   - Undefined Weak Reference
    _mutex_acquire                            - Undefined Weak Reference
    _mutex_release                            - Undefined Weak Reference
    _printf_fp_hex                            - Undefined Weak Reference
    _printf_mbtowc                            - Undefined Weak Reference
    _printf_wc                                - Undefined Weak Reference
    _rand_init                                - Undefined Weak Reference
    _signal_finish                            - Undefined Weak Reference
    _signal_init                              - Undefined Weak Reference
    _terminate_alloc                          - Undefined Weak Reference
    _terminate_user_alloc                     - Undefined Weak Reference
    _terminateio                              - Undefined Weak Reference
    __Vectors_Size                           0x00000130   Number         0  startup_stm32f10x_hd.o ABSOLUTE
    __Vectors                                0x08000000   Data           4  startup_stm32f10x_hd.o(RESET)
    __Vectors_End                            0x08000130   Data           0  startup_stm32f10x_hd.o(RESET)
    __main                                   0x08000131   Thumb Code     8  __main.o(!!!main)
    __scatterload                            0x08000139   Thumb Code     0  __scatter.o(!!!scatter)
    __scatterload_rt2                        0x08000139   Thumb Code    44  __scatter.o(!!!scatter)
    __scatterload_rt2_thumb_only             0x08000139   Thumb Code     0  __scatter.o(!!!scatter)
    __scatterload_null                       0x08000147   Thumb Code     0  __scatter.o(!!!scatter)
    __scatterload_copy                       0x0800016d   Thumb Code    26  __scatter_copy.o(!!handler_copy)
    __scatterload_zeroinit                   0x08000189   Thumb Code    28  __scatter_zi.o(!!handler_zi)
    _printf_n                                0x080001a5   Thumb Code     0  _printf_n.o(.ARM.Collect$$_printf_percent$$00000001)
    _printf_percent                          0x080001a5   Thumb Code     0  _printf_percent.o(.ARM.Collect$$_printf_percent$$00000000)
    _printf_p                                0x080001ab   Thumb Code     0  _printf_p.o(.ARM.Collect$$_printf_percent$$00000002)
    _printf_f                                0x080001b1   Thumb Code     0  _printf_f.o(.ARM.Collect$$_printf_percent$$00000003)
    _printf_e                                0x080001b7   Thumb Code     0  _printf_e.o(.ARM.Collect$$_printf_percent$$00000004)
    _printf_g                                0x080001bd   Thumb Code     0  _printf_g.o(.ARM.Collect$$_printf_percent$$00000005)
    _printf_a                                0x080001c3   Thumb Code     0  _printf_a.o(.ARM.Collect$$_printf_percent$$00000006)
    _printf_ll                               0x080001c9   Thumb Code     0  _printf_ll.o(.ARM.Collect$$_printf_percent$$00000007)
    _printf_i                                0x080001d3   Thumb Code     0  _printf_i.o(.ARM.Collect$$_printf_percent$$00000008)
    _printf_d                                0x080001d9   Thumb Code     0  _printf_d.o(.ARM.Collect$$_printf_percent$$00000009)
    _printf_u                                0x080001df   Thumb Code     0  _printf_u.o(.ARM.Collect$$_printf_percent$$0000000A)
    _printf_o                                0x080001e5   Thumb Code     0  _printf_o.o(.ARM.Collect$$_printf_percent$$0000000B)
    _printf_x                                0x080001eb   Thumb Code     0  _printf_x.o(.ARM.Collect$$_printf_percent$$0000000C)
    _printf_lli                              0x080001f1   Thumb Code     0  _printf_lli.o(.ARM.Collect$$_printf_percent$$0000000D)
    _printf_lld                              0x080001f7   Thumb Code     0  _printf_lld.o(.ARM.Collect$$_printf_percent$$0000000E)
    _printf_llu                              0x080001fd   Thumb Code     0  _printf_llu.o(.ARM.Collect$$_printf_percent$$0000000F)
    _printf_llo                              0x08000203   Thumb Code     0  _printf_llo.o(.ARM.Collect$$_printf_percent$$00000010)
    _printf_llx                              0x08000209   Thumb Code     0  _printf_llx.o(.ARM.Collect$$_printf_percent$$00000011)
    _printf_l                                0x0800020f   Thumb Code     0  _printf_l.o(.ARM.Collect$$_printf_percent$$00000012)
    _printf_c                                0x08000219   Thumb Code     0  _printf_c.o(.ARM.Collect$$_printf_percent$$00000013)
    _printf_s                                0x0800021f   Thumb Code     0  _printf_s.o(.ARM.Collect$$_printf_percent$$00000014)
    _printf_lc                               0x08000225   Thumb Code     0  _printf_lc.o(.ARM.Collect$$_printf_percent$$00000015)
    _printf_ls                               0x0800022b   Thumb Code     0  _printf_ls.o(.ARM.Collect$$_printf_percent$$00000016)
    _printf_percent_end                      0x08000231   Thumb Code     0  _printf_percent_end.o(.ARM.Collect$$_printf_percent$$00000017)
    __rt_lib_init                            0x08000235   Thumb Code     0  libinit.o(.ARM.Collect$$libinit$$00000000)
    __rt_lib_init_fp_1                       0x08000237   Thumb Code     0  libinit2.o(.ARM.Collect$$libinit$$00000002)
    __rt_lib_init_heap_1                     0x08000237   Thumb Code     0  libinit2.o(.ARM.Collect$$libinit$$0000000A)
    __rt_lib_init_lc_common                  0x08000237   Thumb Code     0  libinit2.o(.ARM.Collect$$libinit$$0000000F)
    __rt_lib_init_preinit_1                  0x08000237   Thumb Code     0  libinit2.o(.ARM.Collect$$libinit$$00000004)
    __rt_lib_init_rand_1                     0x08000237   Thumb Code     0  libinit2.o(.ARM.Collect$$libinit$$0000000E)
    __rt_lib_init_user_alloc_1               0x08000237   Thumb Code     0  libinit2.o(.ARM.Collect$$libinit$$0000000C)
    __rt_lib_init_lc_collate_1               0x0800023d   Thumb Code     0  libinit2.o(.ARM.Collect$$libinit$$00000011)
    __rt_lib_init_lc_ctype_2                 0x0800023d   Thumb Code     0  libinit2.o(.ARM.Collect$$libinit$$00000012)
    __rt_lib_init_lc_ctype_1                 0x08000249   Thumb Code     0  libinit2.o(.ARM.Collect$$libinit$$00000013)
    __rt_lib_init_lc_monetary_1              0x08000249   Thumb Code     0  libinit2.o(.ARM.Collect$$libinit$$00000015)
    __rt_lib_init_lc_numeric_2               0x08000249   Thumb Code     0  libinit2.o(.ARM.Collect$$libinit$$00000016)
    __rt_lib_init_alloca_1                   0x08000253   Thumb Code     0  libinit2.o(.ARM.Collect$$libinit$$0000002E)
    __rt_lib_init_argv_1                     0x08000253   Thumb Code     0  libinit2.o(.ARM.Collect$$libinit$$0000002C)
    __rt_lib_init_atexit_1                   0x08000253   Thumb Code     0  libinit2.o(.ARM.Collect$$libinit$$0000001B)
    __rt_lib_init_clock_1                    0x08000253   Thumb Code     0  libinit2.o(.ARM.Collect$$libinit$$00000021)
    __rt_lib_init_cpp_1                      0x08000253   Thumb Code     0  libinit2.o(.ARM.Collect$$libinit$$00000032)
    __rt_lib_init_exceptions_1               0x08000253   Thumb Code     0  libinit2.o(.ARM.Collect$$libinit$$00000030)
    __rt_lib_init_fp_trap_1                  0x08000253   Thumb Code     0  libinit2.o(.ARM.Collect$$libinit$$0000001F)
    __rt_lib_init_getenv_1                   0x08000253   Thumb Code     0  libinit2.o(.ARM.Collect$$libinit$$00000023)
    __rt_lib_init_lc_numeric_1               0x08000253   Thumb Code     0  libinit2.o(.ARM.Collect$$libinit$$00000017)
    __rt_lib_init_lc_time_1                  0x08000253   Thumb Code     0  libinit2.o(.ARM.Collect$$libinit$$00000019)
    __rt_lib_init_return                     0x08000253   Thumb Code     0  libinit2.o(.ARM.Collect$$libinit$$00000033)
    __rt_lib_init_signal_1                   0x08000253   Thumb Code     0  libinit2.o(.ARM.Collect$$libinit$$0000001D)
    __rt_lib_init_stdio_1                    0x08000253   Thumb Code     0  libinit2.o(.ARM.Collect$$libinit$$00000025)
    __rt_lib_shutdown                        0x08000255   Thumb Code     0  libshutdown.o(.ARM.Collect$$libshutdown$$00000000)
    __rt_lib_shutdown_fp_trap_1              0x08000257   Thumb Code     0  libshutdown2.o(.ARM.Collect$$libshutdown$$00000006)
    __rt_lib_shutdown_heap_1                 0x08000257   Thumb Code     0  libshutdown2.o(.ARM.Collect$$libshutdown$$0000000E)
    __rt_lib_shutdown_return                 0x08000257   Thumb Code     0  libshutdown2.o(.ARM.Collect$$libshutdown$$0000000F)
    __rt_lib_shutdown_signal_1               0x08000257   Thumb Code     0  libshutdown2.o(.ARM.Collect$$libshutdown$$00000009)
    __rt_lib_shutdown_stdio_1                0x08000257   Thumb Code     0  libshutdown2.o(.ARM.Collect$$libshutdown$$00000003)
    __rt_lib_shutdown_user_alloc_1           0x08000257   Thumb Code     0  libshutdown2.o(.ARM.Collect$$libshutdown$$0000000B)
    __rt_entry                               0x08000259   Thumb Code     0  __rtentry.o(.ARM.Collect$$rtentry$$00000000)
    __rt_entry_presh_1                       0x08000259   Thumb Code     0  __rtentry2.o(.ARM.Collect$$rtentry$$00000002)
    __rt_entry_sh                            0x08000259   Thumb Code     0  __rtentry4.o(.ARM.Collect$$rtentry$$00000004)
    __rt_entry_li                            0x0800025f   Thumb Code     0  __rtentry2.o(.ARM.Collect$$rtentry$$0000000A)
    __rt_entry_postsh_1                      0x0800025f   Thumb Code     0  __rtentry2.o(.ARM.Collect$$rtentry$$00000009)
    __rt_entry_main                          0x08000263   Thumb Code     0  __rtentry2.o(.ARM.Collect$$rtentry$$0000000D)
    __rt_entry_postli_1                      0x08000263   Thumb Code     0  __rtentry2.o(.ARM.Collect$$rtentry$$0000000C)
    __rt_exit                                0x0800026b   Thumb Code     0  rtexit.o(.ARM.Collect$$rtexit$$00000000)
    __rt_exit_ls                             0x0800026d   Thumb Code     0  rtexit2.o(.ARM.Collect$$rtexit$$00000003)
    __rt_exit_prels_1                        0x0800026d   Thumb Code     0  rtexit2.o(.ARM.Collect$$rtexit$$00000002)
    __rt_exit_exit                           0x08000271   Thumb Code     0  rtexit2.o(.ARM.Collect$$rtexit$$00000004)
    Reset_Handler                            0x08000279   Thumb Code     8  startup_stm32f10x_hd.o(.text)
    ADC1_2_IRQHandler                        0x08000293   Thumb Code     0  startup_stm32f10x_hd.o(.text)
    ADC3_IRQHandler                          0x08000293   Thumb Code     0  startup_stm32f10x_hd.o(.text)
    CAN1_RX1_IRQHandler                      0x08000293   Thumb Code     0  startup_stm32f10x_hd.o(.text)
    CAN1_SCE_IRQHandler                      0x08000293   Thumb Code     0  startup_stm32f10x_hd.o(.text)
    DMA1_Channel1_IRQHandler                 0x08000293   Thumb Code     0  startup_stm32f10x_hd.o(.text)
    DMA1_Channel2_IRQHandler                 0x08000293   Thumb Code     0  startup_stm32f10x_hd.o(.text)
    DMA1_Channel3_IRQHandler                 0x08000293   Thumb Code     0  startup_stm32f10x_hd.o(.text)
    DMA1_Channel4_IRQHandler                 0x08000293   Thumb Code     0  startup_stm32f10x_hd.o(.text)
    DMA1_Channel5_IRQHandler                 0x08000293   Thumb Code     0  startup_stm32f10x_hd.o(.text)
    DMA1_Channel6_IRQHandler                 0x08000293   Thumb Code     0  startup_stm32f10x_hd.o(.text)
    DMA1_Channel7_IRQHandler                 0x08000293   Thumb Code     0  startup_stm32f10x_hd.o(.text)
    DMA2_Channel1_IRQHandler                 0x08000293   Thumb Code     0  startup_stm32f10x_hd.o(.text)
    DMA2_Channel2_IRQHandler                 0x08000293   Thumb Code     0  startup_stm32f10x_hd.o(.text)
    DMA2_Channel3_IRQHandler                 0x08000293   Thumb Code     0  startup_stm32f10x_hd.o(.text)
    DMA2_Channel4_5_IRQHandler               0x08000293   Thumb Code     0  startup_stm32f10x_hd.o(.text)
    EXTI0_IRQHandler                         0x08000293   Thumb Code     0  startup_stm32f10x_hd.o(.text)
    EXTI15_10_IRQHandler                     0x08000293   Thumb Code     0  startup_stm32f10x_hd.o(.text)
    EXTI1_IRQHandler                         0x08000293   Thumb Code     0  startup_stm32f10x_hd.o(.text)
    EXTI2_IRQHandler                         0x08000293   Thumb Code     0  startup_stm32f10x_hd.o(.text)
    EXTI3_IRQHandler                         0x08000293   Thumb Code     0  startup_stm32f10x_hd.o(.text)
    EXTI4_IRQHandler                         0x08000293   Thumb Code     0  startup_stm32f10x_hd.o(.text)
    EXTI9_5_IRQHandler                       0x08000293   Thumb Code     0  startup_stm32f10x_hd.o(.text)
    FLASH_IRQHandler                         0x08000293   Thumb Code     0  startup_stm32f10x_hd.o(.text)
    FSMC_IRQHandler                          0x08000293   Thumb Code     0  startup_stm32f10x_hd.o(.text)
    I2C1_ER_IRQHandler                       0x08000293   Thumb Code     0  startup_stm32f10x_hd.o(.text)
    I2C1_EV_IRQHandler                       0x08000293   Thumb Code     0  startup_stm32f10x_hd.o(.text)
    I2C2_ER_IRQHandler                       0x08000293   Thumb Code     0  startup_stm32f10x_hd.o(.text)
    I2C2_EV_IRQHandler                       0x08000293   Thumb Code     0  startup_stm32f10x_hd.o(.text)
    PVD_IRQHandler                           0x08000293   Thumb Code     0  startup_stm32f10x_hd.o(.text)
    RCC_IRQHandler                           0x08000293   Thumb Code     0  startup_stm32f10x_hd.o(.text)
    RTCAlarm_IRQHandler                      0x08000293   Thumb Code     0  startup_stm32f10x_hd.o(.text)
    RTC_IRQHandler                           0x08000293   Thumb Code     0  startup_stm32f10x_hd.o(.text)
    SDIO_IRQHandler                          0x08000293   Thumb Code     0  startup_stm32f10x_hd.o(.text)
    SPI1_IRQHandler                          0x08000293   Thumb Code     0  startup_stm32f10x_hd.o(.text)
    SPI2_IRQHandler                          0x08000293   Thumb Code     0  startup_stm32f10x_hd.o(.text)
    SPI3_IRQHandler                          0x08000293   Thumb Code     0  startup_stm32f10x_hd.o(.text)
    TAMPER_IRQHandler                        0x08000293   Thumb Code     0  startup_stm32f10x_hd.o(.text)
    TIM1_BRK_IRQHandler                      0x08000293   Thumb Code     0  startup_stm32f10x_hd.o(.text)
    TIM1_CC_IRQHandler                       0x08000293   Thumb Code     0  startup_stm32f10x_hd.o(.text)
    TIM1_TRG_COM_IRQHandler                  0x08000293   Thumb Code     0  startup_stm32f10x_hd.o(.text)
    TIM1_UP_IRQHandler                       0x08000293   Thumb Code     0  startup_stm32f10x_hd.o(.text)
    TIM2_IRQHandler                          0x08000293   Thumb Code     0  startup_stm32f10x_hd.o(.text)
    TIM3_IRQHandler                          0x08000293   Thumb Code     0  startup_stm32f10x_hd.o(.text)
    TIM5_IRQHandler                          0x08000293   Thumb Code     0  startup_stm32f10x_hd.o(.text)
    TIM6_IRQHandler                          0x08000293   Thumb Code     0  startup_stm32f10x_hd.o(.text)
    TIM7_IRQHandler                          0x08000293   Thumb Code     0  startup_stm32f10x_hd.o(.text)
    TIM8_BRK_IRQHandler                      0x08000293   Thumb Code     0  startup_stm32f10x_hd.o(.text)
    TIM8_CC_IRQHandler                       0x08000293   Thumb Code     0  startup_stm32f10x_hd.o(.text)
    TIM8_TRG_COM_IRQHandler                  0x08000293   Thumb Code     0  startup_stm32f10x_hd.o(.text)
    TIM8_UP_IRQHandler                       0x08000293   Thumb Code     0  startup_stm32f10x_hd.o(.text)
    UART4_IRQHandler                         0x08000293   Thumb Code     0  startup_stm32f10x_hd.o(.text)
    UART5_IRQHandler                         0x08000293   Thumb Code     0  startup_stm32f10x_hd.o(.text)
    USART2_IRQHandler                        0x08000293   Thumb Code     0  startup_stm32f10x_hd.o(.text)
    USBWakeUp_IRQHandler                     0x08000293   Thumb Code     0  startup_stm32f10x_hd.o(.text)
    USB_HP_CAN1_TX_IRQHandler                0x08000293   Thumb Code     0  startup_stm32f10x_hd.o(.text)
    USB_LP_CAN1_RX0_IRQHandler               0x08000293   Thumb Code     0  startup_stm32f10x_hd.o(.text)
    WWDG_IRQHandler                          0x08000293   Thumb Code     0  startup_stm32f10x_hd.o(.text)
    __user_initial_stackheap                 0x08000295   Thumb Code     0  startup_stm32f10x_hd.o(.text)
    __use_no_semihosting                     0x080002b9   Thumb Code     2  use_no_semi_2.o(.text)
    __c89vsprintf                            0x080002bd   Thumb Code    32  c89vsprintf.o(.text)
    __2printf                                0x080002e1   Thumb Code    20  __2printf.o(.text)
    _printf_str                              0x080002f9   Thumb Code    82  _printf_str.o(.text)
    _printf_int_dec                          0x0800034d   Thumb Code   104  _printf_dec.o(.text)
    __printf                                 0x080003c5   Thumb Code   388  __printf_flags_ss_wp.o(.text)
    strstr                                   0x0800054d   Thumb Code    36  strstr.o(.text)
    strlen                                   0x08000571   Thumb Code    62  strlen.o(.text)
    __use_two_region_memory                  0x080005af   Thumb Code     2  heapauxi.o(.text)
    __rt_heap_escrow$2region                 0x080005b1   Thumb Code     2  heapauxi.o(.text)
    __rt_heap_expand$2region                 0x080005b3   Thumb Code     2  heapauxi.o(.text)
    __I$use$semihosting                      0x080005b5   Thumb Code     0  use_no_semi.o(.text)
    __use_no_semihosting_swi                 0x080005b5   Thumb Code     2  use_no_semi.o(.text)
    _printf_pre_padding                      0x080005b7   Thumb Code    44  _printf_pad.o(.text)
    _printf_post_padding                     0x080005e3   Thumb Code    34  _printf_pad.o(.text)
    _printf_truncate_signed                  0x08000605   Thumb Code    18  _printf_truncate.o(.text)
    _printf_truncate_unsigned                0x08000617   Thumb Code    18  _printf_truncate.o(.text)
    _printf_int_common                       0x08000629   Thumb Code   178  _printf_intcommon.o(.text)
    _printf_charcount                        0x080006db   Thumb Code    40  _printf_charcount.o(.text)
    __lib_sel_fp_printf                      0x08000703   Thumb Code     2  _printf_fp_dec.o(.text)
    _printf_fp_dec_real                      0x080008b1   Thumb Code   620  _printf_fp_dec.o(.text)
    _printf_char_common                      0x08000b27   Thumb Code    32  _printf_char_common.o(.text)
    _sputc                                   0x08000b4d   Thumb Code    10  _sputc.o(.text)
    _printf_cs_common                        0x08000b57   Thumb Code    20  _printf_char.o(.text)
    _printf_char                             0x08000b6b   Thumb Code    16  _printf_char.o(.text)
    _printf_string                           0x08000b7b   Thumb Code     8  _printf_char.o(.text)
    _printf_char_file                        0x08000b85   Thumb Code    32  _printf_char_file.o(.text)
    _printf_wctomb                           0x08000ba9   Thumb Code   182  _printf_wctomb.o(.text)
    _printf_longlong_dec                     0x08000c65   Thumb Code   108  _printf_longlong_dec.o(.text)
    _printf_longlong_oct                     0x08000ce1   Thumb Code    68  _printf_oct_int_ll.o(.text)
    _printf_int_oct                          0x08000d25   Thumb Code    24  _printf_oct_int_ll.o(.text)
    _printf_ll_oct                           0x08000d3d   Thumb Code    12  _printf_oct_int_ll.o(.text)
    _printf_longlong_hex                     0x08000d51   Thumb Code    86  _printf_hex_int_ll_ptr.o(.text)
    _printf_int_hex                          0x08000da7   Thumb Code    28  _printf_hex_int_ll_ptr.o(.text)
    _printf_ll_hex                           0x08000dc3   Thumb Code    12  _printf_hex_int_ll_ptr.o(.text)
    _printf_hex_ptr                          0x08000dcf   Thumb Code    18  _printf_hex_int_ll_ptr.o(.text)
    __rt_locale                              0x08000de5   Thumb Code     8  rt_locale_intlibspace.o(.text)
    _ll_udiv10                               0x08000ded   Thumb Code   138  lludiv10.o(.text)
    _printf_fp_infnan                        0x08000e79   Thumb Code   112  _printf_fp_infnan.o(.text)
    _printf_lcs_common                       0x08000ef9   Thumb Code    20  _printf_wchar.o(.text)
    _printf_wchar                            0x08000f0d   Thumb Code    16  _printf_wchar.o(.text)
    _printf_wstring                          0x08000f1d   Thumb Code     8  _printf_wchar.o(.text)
    _btod_etento                             0x08000f25   Thumb Code   216  bigflt0.o(.text)
    ferror                                   0x08001001   Thumb Code     8  ferror.o(.text)
    _wcrtomb                                 0x08001009   Thumb Code    64  _wcrtomb.o(.text)
    __user_libspace                          0x08001049   Thumb Code     8  libspace.o(.text)
    __user_perproc_libspace                  0x08001049   Thumb Code     0  libspace.o(.text)
    __user_perthread_libspace                0x08001049   Thumb Code     0  libspace.o(.text)
    __user_setup_stackheap                   0x08001051   Thumb Code    74  sys_stackheap_outer.o(.text)
    __rt_ctype_table                         0x0800109d   Thumb Code    16  rt_ctype_table.o(.text)
    exit                                     0x080010ad   Thumb Code    12  exit.o(.text)
    strcmp                                   0x080010b9   Thumb Code   128  strcmpv7m.o(.text)
    _btod_d2e                                0x08001139   Thumb Code    62  btod.o(CL$$btod_d2e)
    _d2e_denorm_low                          0x08001177   Thumb Code    70  btod.o(CL$$btod_d2e_denorm_low)
    _d2e_norm_op1                            0x080011bd   Thumb Code    96  btod.o(CL$$btod_d2e_norm_op1)
    __btod_div_common                        0x0800121d   Thumb Code   696  btod.o(CL$$btod_div_common)
    _e2e                                     0x08001555   Thumb Code   198  btod.o(CL$$btod_e2e)
    _btod_ediv                               0x0800161b   Thumb Code    40  btod.o(CL$$btod_ediv)
    _btod_emul                               0x08001643   Thumb Code    40  btod.o(CL$$btod_emul)
    __btod_mult_common                       0x0800166b   Thumb Code   580  btod.o(CL$$btod_mult_common)
    ADC_Cmd                                  0x080018af   Thumb Code    22  stm32f10x_adc.o(i.ADC_Cmd)
    ADC_DeInit                               0x080018c5   Thumb Code    78  stm32f10x_adc.o(i.ADC_DeInit)
    ADC_GetCalibrationStatus                 0x08001921   Thumb Code    20  stm32f10x_adc.o(i.ADC_GetCalibrationStatus)
    ADC_GetResetCalibrationStatus            0x08001935   Thumb Code    20  stm32f10x_adc.o(i.ADC_GetResetCalibrationStatus)
    ADC_Init                                 0x08001949   Thumb Code    70  stm32f10x_adc.o(i.ADC_Init)
    ADC_ResetCalibration                     0x08001999   Thumb Code    10  stm32f10x_adc.o(i.ADC_ResetCalibration)
    ADC_StartCalibration                     0x080019a3   Thumb Code    10  stm32f10x_adc.o(i.ADC_StartCalibration)
    Adc_Init                                 0x080019ad   Thumb Code   152  adc.o(i.Adc_Init)
    BusFault_Handler                         0x08001a51   Thumb Code     4  stm32f10x_it.o(i.BusFault_Handler)
    DMA_Cmd                                  0x08001a55   Thumb Code    24  stm32f10x_dma.o(i.DMA_Cmd)
    DMA_DeInit                               0x08001a6d   Thumb Code   324  stm32f10x_dma.o(i.DMA_DeInit)
    DMA_GetCurrDataCounter                   0x08001bb9   Thumb Code     8  stm32f10x_dma.o(i.DMA_GetCurrDataCounter)
    DMA_Init                                 0x08001bc1   Thumb Code    60  stm32f10x_dma.o(i.DMA_Init)
    DMA_SetCurrDataCounter                   0x08001bfd   Thumb Code     4  stm32f10x_dma.o(i.DMA_SetCurrDataCounter)
    DebugMon_Handler                         0x08001c01   Thumb Code     2  stm32f10x_it.o(i.DebugMon_Handler)
    GPIO_Init                                0x08001c03   Thumb Code   278  stm32f10x_gpio.o(i.GPIO_Init)
    HardFault_Handler                        0x08001d19   Thumb Code     4  stm32f10x_it.o(i.HardFault_Handler)
    LED_Init                                 0x08001d1d   Thumb Code    68  led.o(i.LED_Init)
    MemManage_Handler                        0x08001d69   Thumb Code     4  stm32f10x_it.o(i.MemManage_Handler)
    NMI_Handler                              0x08001d6d   Thumb Code     2  stm32f10x_it.o(i.NMI_Handler)
    NVIC_Init                                0x08001d71   Thumb Code   100  misc.o(i.NVIC_Init)
    PendSV_Handler                           0x08001de1   Thumb Code     2  stm32f10x_it.o(i.PendSV_Handler)
    RCC_ADCCLKConfig                         0x08001de5   Thumb Code    18  stm32f10x_rcc.o(i.RCC_ADCCLKConfig)
    RCC_AHBPeriphClockCmd                    0x08001dfd   Thumb Code    26  stm32f10x_rcc.o(i.RCC_AHBPeriphClockCmd)
    RCC_APB1PeriphClockCmd                   0x08001e1d   Thumb Code    26  stm32f10x_rcc.o(i.RCC_APB1PeriphClockCmd)
    RCC_APB1PeriphResetCmd                   0x08001e3d   Thumb Code    26  stm32f10x_rcc.o(i.RCC_APB1PeriphResetCmd)
    RCC_APB2PeriphClockCmd                   0x08001e5d   Thumb Code    26  stm32f10x_rcc.o(i.RCC_APB2PeriphClockCmd)
    RCC_APB2PeriphResetCmd                   0x08001e7d   Thumb Code    26  stm32f10x_rcc.o(i.RCC_APB2PeriphResetCmd)
    RCC_GetClocksFreq                        0x08001e9d   Thumb Code   192  stm32f10x_rcc.o(i.RCC_GetClocksFreq)
    SVC_Handler                              0x08001f71   Thumb Code     2  stm32f10x_it.o(i.SVC_Handler)
    SysTick_CLKSourceConfig                  0x0800205d   Thumb Code    40  misc.o(i.SysTick_CLKSourceConfig)
    SysTick_Handler                          0x08002085   Thumb Code     2  stm32f10x_it.o(i.SysTick_Handler)
    SystemInit                               0x08002089   Thumb Code    78  system_stm32f10x.o(i.SystemInit)
    TIM4_IRQHandler                          0x080020e9   Thumb Code    40  usart3.o(i.TIM4_IRQHandler)
    TIM4_Init                                0x08002119   Thumb Code    82  usart3.o(i.TIM4_Init)
    TIM4_Set                                 0x08002171   Thumb Code    34  usart3.o(i.TIM4_Set)
    TIM_ClearITPendingBit                    0x08002199   Thumb Code     6  stm32f10x_tim.o(i.TIM_ClearITPendingBit)
    TIM_Cmd                                  0x0800219f   Thumb Code    24  stm32f10x_tim.o(i.TIM_Cmd)
    TIM_GetITStatus                          0x080021b7   Thumb Code    34  stm32f10x_tim.o(i.TIM_GetITStatus)
    TIM_ITConfig                             0x080021d9   Thumb Code    18  stm32f10x_tim.o(i.TIM_ITConfig)
    TIM_SetCounter                           0x080021eb   Thumb Code     4  stm32f10x_tim.o(i.TIM_SetCounter)
    TIM_TimeBaseInit                         0x080021f1   Thumb Code   122  stm32f10x_tim.o(i.TIM_TimeBaseInit)
    UART_DMA_Config                          0x08002295   Thumb Code    72  usart3.o(i.UART_DMA_Config)
    UART_DMA_Enable                          0x080022dd   Thumb Code    32  usart3.o(i.UART_DMA_Enable)
    USART1_IRQHandler                        0x080022fd   Thumb Code    14  usart.o(i.USART1_IRQHandler)
    USART3_IRQHandler                        0x08002311   Thumb Code    84  usart3.o(i.USART3_IRQHandler)
    USART3_Init                              0x08002375   Thumb Code   210  usart3.o(i.USART3_Init)
    USART_Cmd                                0x0800245d   Thumb Code    24  stm32f10x_usart.o(i.USART_Cmd)
    USART_DMACmd                             0x08002475   Thumb Code    18  stm32f10x_usart.o(i.USART_DMACmd)
    USART_DeInit                             0x08002489   Thumb Code   134  stm32f10x_usart.o(i.USART_DeInit)
    USART_GetITStatus                        0x08002525   Thumb Code    84  stm32f10x_usart.o(i.USART_GetITStatus)
    USART_ITConfig                           0x08002579   Thumb Code    74  stm32f10x_usart.o(i.USART_ITConfig)
    USART_Init                               0x080025c5   Thumb Code   210  stm32f10x_usart.o(i.USART_Init)
    USART_ReceiveData                        0x0800269d   Thumb Code    10  stm32f10x_usart.o(i.USART_ReceiveData)
    UsageFault_Handler                       0x080026a7   Thumb Code     4  stm32f10x_it.o(i.UsageFault_Handler)
    __ARM_fpclassify                         0x080026ab   Thumb Code    40  fpclassify.o(i.__ARM_fpclassify)
    _is_digit                                0x080026d3   Thumb Code    14  __printf_wp.o(i._is_digit)
    _sys_exit                                0x080026e1   Thumb Code     4  usart.o(i._sys_exit)
    atk_8266_at_response                     0x080026e5   Thumb Code    46  common.o(i.atk_8266_at_response)
    atk_8266_check_cmd                       0x08002721   Thumb Code    44  common.o(i.atk_8266_check_cmd)
    atk_8266_send_cmd                        0x08002755   Thumb Code    92  common.o(i.atk_8266_send_cmd)
    atk_8266_wifiap_test                     0x080027c9   Thumb Code    90  wifiap.o(i.atk_8266_wifiap_test)
    delay_init                               0x08002861   Thumb Code    50  delay.o(i.delay_init)
    delay_ms                                 0x080028a5   Thumb Code    72  delay.o(i.delay_ms)
    fputc                                    0x080028f1   Thumb Code    24  usart.o(i.fputc)
    main                                     0x0800290d   Thumb Code   186  main.o(i.main)
    u3_printf                                0x080029e9   Thumb Code    56  usart3.o(i.u3_printf)
    uart_init                                0x08002a29   Thumb Code   152  usart.o(i.uart_init)
    _get_lc_numeric                          0x08002ac9   Thumb Code    44  lc_numeric_c.o(locale$$code)
    _get_lc_ctype                            0x08002af5   Thumb Code    44  lc_ctype_c.o(locale$$code)
    _printf_fp_dec                           0x08002b21   Thumb Code     4  printf1.o(x$fpl$printf1)
    __I$use$fp                               0x08002b24   Number         0  usenofp.o(x$fpl$usenofp)
    Region$$Table$$Base                      0x08002bfc   Number         0  anon$$obj.o(Region$$Table)
    Region$$Table$$Limit                     0x08002c1c   Number         0  anon$$obj.o(Region$$Table)
    __ctype                                  0x08002c45   Data           0  lc_ctype_c.o(locale$$data)
    SystemCoreClock                          0x20000000   Data           4  system_stm32f10x.o(.data)
    AHBPrescTable                            0x20000004   Data          16  system_stm32f10x.o(.data)
    __stdout                                 0x20000018   Data           4  usart.o(.data)
    USART_RX_STA                             0x2000001c   Data           2  usart.o(.data)
    USART3_RX_STA                            0x2000001e   Data           2  usart3.o(.data)
    USART3_TX_BUF                            0x20000038   Data        1024  usart3.o(.bss)
    USART3_RX_BUF                            0x20000438   Data        1024  usart3.o(.bss)
    __libspace_start                         0x20000838   Data          96  libspace.o(.bss)
    __temporary_stack_top$libspace           0x20000898   Data           0  libspace.o(.bss)



==============================================================================

Memory Map of the image

  Image Entry point : 0x08000279

  Load Region LR_1 (Base: 0x08000000, Size: 0x00002d7c, Max: 0xffffffff, ABSOLUTE)

    Execution Region ER_RO (Base: 0x08000000, Size: 0x00002d48, Max: 0xffffffff, ABSOLUTE)

    Base Addr    Size         Type   Attr      Idx    E Section Name        Object

    0x08000000   0x00000130   Data   RO          520    RESET               startup_stm32f10x_hd.o
    0x08000130   0x00000008   Code   RO         2340  * !!!main             c_w.l(__main.o)
    0x08000138   0x00000034   Code   RO         2649    !!!scatter          c_w.l(__scatter.o)
    0x0800016c   0x0000001a   Code   RO         2651    !!handler_copy      c_w.l(__scatter_copy.o)
    0x08000186   0x00000002   PAD
    0x08000188   0x0000001c   Code   RO         2653    !!handler_zi        c_w.l(__scatter_zi.o)
    0x080001a4   0x00000000   Code   RO         2331    .ARM.Collect$$_printf_percent$$00000000  c_w.l(_printf_percent.o)
    0x080001a4   0x00000006   Code   RO         2412    .ARM.Collect$$_printf_percent$$00000001  c_w.l(_printf_n.o)
    0x080001aa   0x00000006   Code   RO         2414    .ARM.Collect$$_printf_percent$$00000002  c_w.l(_printf_p.o)
    0x080001b0   0x00000006   Code   RO         2330    .ARM.Collect$$_printf_percent$$00000003  c_w.l(_printf_f.o)
    0x080001b6   0x00000006   Code   RO         2418    .ARM.Collect$$_printf_percent$$00000004  c_w.l(_printf_e.o)
    0x080001bc   0x00000006   Code   RO         2419    .ARM.Collect$$_printf_percent$$00000005  c_w.l(_printf_g.o)
    0x080001c2   0x00000006   Code   RO         2420    .ARM.Collect$$_printf_percent$$00000006  c_w.l(_printf_a.o)
    0x080001c8   0x0000000a   Code   RO         2425    .ARM.Collect$$_printf_percent$$00000007  c_w.l(_printf_ll.o)
    0x080001d2   0x00000006   Code   RO         2416    .ARM.Collect$$_printf_percent$$00000008  c_w.l(_printf_i.o)
    0x080001d8   0x00000006   Code   RO         2329    .ARM.Collect$$_printf_percent$$00000009  c_w.l(_printf_d.o)
    0x080001de   0x00000006   Code   RO         2417    .ARM.Collect$$_printf_percent$$0000000A  c_w.l(_printf_u.o)
    0x080001e4   0x00000006   Code   RO         2415    .ARM.Collect$$_printf_percent$$0000000B  c_w.l(_printf_o.o)
    0x080001ea   0x00000006   Code   RO         2413    .ARM.Collect$$_printf_percent$$0000000C  c_w.l(_printf_x.o)
    0x080001f0   0x00000006   Code   RO         2422    .ARM.Collect$$_printf_percent$$0000000D  c_w.l(_printf_lli.o)
    0x080001f6   0x00000006   Code   RO         2423    .ARM.Collect$$_printf_percent$$0000000E  c_w.l(_printf_lld.o)
    0x080001fc   0x00000006   Code   RO         2424    .ARM.Collect$$_printf_percent$$0000000F  c_w.l(_printf_llu.o)
    0x08000202   0x00000006   Code   RO         2429    .ARM.Collect$$_printf_percent$$00000010  c_w.l(_printf_llo.o)
    0x08000208   0x00000006   Code   RO         2430    .ARM.Collect$$_printf_percent$$00000011  c_w.l(_printf_llx.o)
    0x0800020e   0x0000000a   Code   RO         2426    .ARM.Collect$$_printf_percent$$00000012  c_w.l(_printf_l.o)
    0x08000218   0x00000006   Code   RO         2411    .ARM.Collect$$_printf_percent$$00000013  c_w.l(_printf_c.o)
    0x0800021e   0x00000006   Code   RO         2328    .ARM.Collect$$_printf_percent$$00000014  c_w.l(_printf_s.o)
    0x08000224   0x00000006   Code   RO         2427    .ARM.Collect$$_printf_percent$$00000015  c_w.l(_printf_lc.o)
    0x0800022a   0x00000006   Code   RO         2428    .ARM.Collect$$_printf_percent$$00000016  c_w.l(_printf_ls.o)
    0x08000230   0x00000004   Code   RO         2421    .ARM.Collect$$_printf_percent$$00000017  c_w.l(_printf_percent_end.o)
    0x08000234   0x00000002   Code   RO         2524    .ARM.Collect$$libinit$$00000000  c_w.l(libinit.o)
    0x08000236   0x00000000   Code   RO         2526    .ARM.Collect$$libinit$$00000002  c_w.l(libinit2.o)
    0x08000236   0x00000000   Code   RO         2528    .ARM.Collect$$libinit$$00000004  c_w.l(libinit2.o)
    0x08000236   0x00000000   Code   RO         2531    .ARM.Collect$$libinit$$0000000A  c_w.l(libinit2.o)
    0x08000236   0x00000000   Code   RO         2533    .ARM.Collect$$libinit$$0000000C  c_w.l(libinit2.o)
    0x08000236   0x00000000   Code   RO         2535    .ARM.Collect$$libinit$$0000000E  c_w.l(libinit2.o)
    0x08000236   0x00000006   Code   RO         2536    .ARM.Collect$$libinit$$0000000F  c_w.l(libinit2.o)
    0x0800023c   0x00000000   Code   RO         2538    .ARM.Collect$$libinit$$00000011  c_w.l(libinit2.o)
    0x0800023c   0x0000000c   Code   RO         2539    .ARM.Collect$$libinit$$00000012  c_w.l(libinit2.o)
    0x08000248   0x00000000   Code   RO         2540    .ARM.Collect$$libinit$$00000013  c_w.l(libinit2.o)
    0x08000248   0x00000000   Code   RO         2542    .ARM.Collect$$libinit$$00000015  c_w.l(libinit2.o)
    0x08000248   0x0000000a   Code   RO         2543    .ARM.Collect$$libinit$$00000016  c_w.l(libinit2.o)
    0x08000252   0x00000000   Code   RO         2544    .ARM.Collect$$libinit$$00000017  c_w.l(libinit2.o)
    0x08000252   0x00000000   Code   RO         2546    .ARM.Collect$$libinit$$00000019  c_w.l(libinit2.o)
    0x08000252   0x00000000   Code   RO         2548    .ARM.Collect$$libinit$$0000001B  c_w.l(libinit2.o)
    0x08000252   0x00000000   Code   RO         2550    .ARM.Collect$$libinit$$0000001D  c_w.l(libinit2.o)
    0x08000252   0x00000000   Code   RO         2552    .ARM.Collect$$libinit$$0000001F  c_w.l(libinit2.o)
    0x08000252   0x00000000   Code   RO         2554    .ARM.Collect$$libinit$$00000021  c_w.l(libinit2.o)
    0x08000252   0x00000000   Code   RO         2556    .ARM.Collect$$libinit$$00000023  c_w.l(libinit2.o)
    0x08000252   0x00000000   Code   RO         2558    .ARM.Collect$$libinit$$00000025  c_w.l(libinit2.o)
    0x08000252   0x00000000   Code   RO         2562    .ARM.Collect$$libinit$$0000002C  c_w.l(libinit2.o)
    0x08000252   0x00000000   Code   RO         2564    .ARM.Collect$$libinit$$0000002E  c_w.l(libinit2.o)
    0x08000252   0x00000000   Code   RO         2566    .ARM.Collect$$libinit$$00000030  c_w.l(libinit2.o)
    0x08000252   0x00000000   Code   RO         2568    .ARM.Collect$$libinit$$00000032  c_w.l(libinit2.o)
    0x08000252   0x00000002   Code   RO         2569    .ARM.Collect$$libinit$$00000033  c_w.l(libinit2.o)
    0x08000254   0x00000002   Code   RO         2600    .ARM.Collect$$libshutdown$$00000000  c_w.l(libshutdown.o)
    0x08000256   0x00000000   Code   RO         2610    .ARM.Collect$$libshutdown$$00000003  c_w.l(libshutdown2.o)
    0x08000256   0x00000000   Code   RO         2613    .ARM.Collect$$libshutdown$$00000006  c_w.l(libshutdown2.o)
    0x08000256   0x00000000   Code   RO         2616    .ARM.Collect$$libshutdown$$00000009  c_w.l(libshutdown2.o)
    0x08000256   0x00000000   Code   RO         2618    .ARM.Collect$$libshutdown$$0000000B  c_w.l(libshutdown2.o)
    0x08000256   0x00000000   Code   RO         2621    .ARM.Collect$$libshutdown$$0000000E  c_w.l(libshutdown2.o)
    0x08000256   0x00000002   Code   RO         2622    .ARM.Collect$$libshutdown$$0000000F  c_w.l(libshutdown2.o)
    0x08000258   0x00000000   Code   RO         2360    .ARM.Collect$$rtentry$$00000000  c_w.l(__rtentry.o)
    0x08000258   0x00000000   Code   RO         2443    .ARM.Collect$$rtentry$$00000002  c_w.l(__rtentry2.o)
    0x08000258   0x00000006   Code   RO         2455    .ARM.Collect$$rtentry$$00000004  c_w.l(__rtentry4.o)
    0x0800025e   0x00000000   Code   RO         2445    .ARM.Collect$$rtentry$$00000009  c_w.l(__rtentry2.o)
    0x0800025e   0x00000004   Code   RO         2446    .ARM.Collect$$rtentry$$0000000A  c_w.l(__rtentry2.o)
    0x08000262   0x00000000   Code   RO         2448    .ARM.Collect$$rtentry$$0000000C  c_w.l(__rtentry2.o)
    0x08000262   0x00000008   Code   RO         2449    .ARM.Collect$$rtentry$$0000000D  c_w.l(__rtentry2.o)
    0x0800026a   0x00000002   Code   RO         2570    .ARM.Collect$$rtexit$$00000000  c_w.l(rtexit.o)
    0x0800026c   0x00000000   Code   RO         2580    .ARM.Collect$$rtexit$$00000002  c_w.l(rtexit2.o)
    0x0800026c   0x00000004   Code   RO         2581    .ARM.Collect$$rtexit$$00000003  c_w.l(rtexit2.o)
    0x08000270   0x00000006   Code   RO         2582    .ARM.Collect$$rtexit$$00000004  c_w.l(rtexit2.o)
    0x08000276   0x00000002   PAD
    0x08000278   0x00000040   Code   RO          521  * .text               startup_stm32f10x_hd.o
    0x080002b8   0x00000002   Code   RO         2290    .text               c_w.l(use_no_semi_2.o)
    0x080002ba   0x00000002   PAD
    0x080002bc   0x00000024   Code   RO         2292    .text               c_w.l(c89vsprintf.o)
    0x080002e0   0x00000018   Code   RO         2294    .text               c_w.l(__2printf.o)
    0x080002f8   0x00000052   Code   RO         2304    .text               c_w.l(_printf_str.o)
    0x0800034a   0x00000002   PAD
    0x0800034c   0x00000078   Code   RO         2306    .text               c_w.l(_printf_dec.o)
    0x080003c4   0x00000188   Code   RO         2325    .text               c_w.l(__printf_flags_ss_wp.o)
    0x0800054c   0x00000024   Code   RO         2332    .text               c_w.l(strstr.o)
    0x08000570   0x0000003e   Code   RO         2334    .text               c_w.l(strlen.o)
    0x080005ae   0x00000006   Code   RO         2338    .text               c_w.l(heapauxi.o)
    0x080005b4   0x00000002   Code   RO         2358    .text               c_w.l(use_no_semi.o)
    0x080005b6   0x0000004e   Code   RO         2361    .text               c_w.l(_printf_pad.o)
    0x08000604   0x00000024   Code   RO         2363    .text               c_w.l(_printf_truncate.o)
    0x08000628   0x000000b2   Code   RO         2365    .text               c_w.l(_printf_intcommon.o)
    0x080006da   0x00000028   Code   RO         2367    .text               c_w.l(_printf_charcount.o)
    0x08000702   0x0000041a   Code   RO         2369    .text               c_w.l(_printf_fp_dec.o)
    0x08000b1c   0x00000030   Code   RO         2371    .text               c_w.l(_printf_char_common.o)
    0x08000b4c   0x0000000a   Code   RO         2373    .text               c_w.l(_sputc.o)
    0x08000b56   0x0000002c   Code   RO         2375    .text               c_w.l(_printf_char.o)
    0x08000b82   0x00000002   PAD
    0x08000b84   0x00000024   Code   RO         2377    .text               c_w.l(_printf_char_file.o)
    0x08000ba8   0x000000bc   Code   RO         2379    .text               c_w.l(_printf_wctomb.o)
    0x08000c64   0x0000007c   Code   RO         2382    .text               c_w.l(_printf_longlong_dec.o)
    0x08000ce0   0x00000070   Code   RO         2388    .text               c_w.l(_printf_oct_int_ll.o)
    0x08000d50   0x00000094   Code   RO         2408    .text               c_w.l(_printf_hex_int_ll_ptr.o)
    0x08000de4   0x00000008   Code   RO         2460    .text               c_w.l(rt_locale_intlibspace.o)
    0x08000dec   0x0000008a   Code   RO         2462    .text               c_w.l(lludiv10.o)
    0x08000e76   0x00000002   PAD
    0x08000e78   0x00000080   Code   RO         2464    .text               c_w.l(_printf_fp_infnan.o)
    0x08000ef8   0x0000002c   Code   RO         2468    .text               c_w.l(_printf_wchar.o)
    0x08000f24   0x000000dc   Code   RO         2470    .text               c_w.l(bigflt0.o)
    0x08001000   0x00000008   Code   RO         2495    .text               c_w.l(ferror.o)
    0x08001008   0x00000040   Code   RO         2499    .text               c_w.l(_wcrtomb.o)
    0x08001048   0x00000008   Code   RO         2508    .text               c_w.l(libspace.o)
    0x08001050   0x0000004a   Code   RO         2511    .text               c_w.l(sys_stackheap_outer.o)
    0x0800109a   0x00000002   PAD
    0x0800109c   0x00000010   Code   RO         2513    .text               c_w.l(rt_ctype_table.o)
    0x080010ac   0x0000000c   Code   RO         2515    .text               c_w.l(exit.o)
    0x080010b8   0x00000080   Code   RO         2517    .text               c_w.l(strcmpv7m.o)
    0x08001138   0x0000003e   Code   RO         2473    CL$$btod_d2e        c_w.l(btod.o)
    0x08001176   0x00000046   Code   RO         2475    CL$$btod_d2e_denorm_low  c_w.l(btod.o)
    0x080011bc   0x00000060   Code   RO         2474    CL$$btod_d2e_norm_op1  c_w.l(btod.o)
    0x0800121c   0x00000338   Code   RO         2483    CL$$btod_div_common  c_w.l(btod.o)
    0x08001554   0x000000c6   Code   RO         2480    CL$$btod_e2e        c_w.l(btod.o)
    0x0800161a   0x00000028   Code   RO         2477    CL$$btod_ediv       c_w.l(btod.o)
    0x08001642   0x00000028   Code   RO         2476    CL$$btod_emul       c_w.l(btod.o)
    0x0800166a   0x00000244   Code   RO         2482    CL$$btod_mult_common  c_w.l(btod.o)
    0x080018ae   0x00000016   Code   RO         1705    i.ADC_Cmd           stm32f10x_adc.o
    0x080018c4   0x0000005c   Code   RO         1707    i.ADC_DeInit        stm32f10x_adc.o
    0x08001920   0x00000014   Code   RO         1713    i.ADC_GetCalibrationStatus  stm32f10x_adc.o
    0x08001934   0x00000014   Code   RO         1719    i.ADC_GetResetCalibrationStatus  stm32f10x_adc.o
    0x08001948   0x00000050   Code   RO         1723    i.ADC_Init          stm32f10x_adc.o
    0x08001998   0x0000000a   Code   RO         1728    i.ADC_ResetCalibration  stm32f10x_adc.o
    0x080019a2   0x0000000a   Code   RO         1732    i.ADC_StartCalibration  stm32f10x_adc.o
    0x080019ac   0x000000a4   Code   RO          278    i.Adc_Init          adc.o
    0x08001a50   0x00000004   Code   RO          143    i.BusFault_Handler  stm32f10x_it.o
    0x08001a54   0x00000018   Code   RO         1081    i.DMA_Cmd           stm32f10x_dma.o
    0x08001a6c   0x0000014c   Code   RO         1082    i.DMA_DeInit        stm32f10x_dma.o
    0x08001bb8   0x00000008   Code   RO         1083    i.DMA_GetCurrDataCounter  stm32f10x_dma.o
    0x08001bc0   0x0000003c   Code   RO         1087    i.DMA_Init          stm32f10x_dma.o
    0x08001bfc   0x00000004   Code   RO         1088    i.DMA_SetCurrDataCounter  stm32f10x_dma.o
    0x08001c00   0x00000002   Code   RO          144    i.DebugMon_Handler  stm32f10x_it.o
    0x08001c02   0x00000116   Code   RO          567    i.GPIO_Init         stm32f10x_gpio.o
    0x08001d18   0x00000004   Code   RO          145    i.HardFault_Handler  stm32f10x_it.o
    0x08001d1c   0x0000004c   Code   RO          266    i.LED_Init          led.o
    0x08001d68   0x00000004   Code   RO          146    i.MemManage_Handler  stm32f10x_it.o
    0x08001d6c   0x00000002   Code   RO          147    i.NMI_Handler       stm32f10x_it.o
    0x08001d6e   0x00000002   PAD
    0x08001d70   0x00000070   Code   RO          525    i.NVIC_Init         misc.o
    0x08001de0   0x00000002   Code   RO          148    i.PendSV_Handler    stm32f10x_it.o
    0x08001de2   0x00000002   PAD
    0x08001de4   0x00000018   Code   RO          699    i.RCC_ADCCLKConfig  stm32f10x_rcc.o
    0x08001dfc   0x00000020   Code   RO          700    i.RCC_AHBPeriphClockCmd  stm32f10x_rcc.o
    0x08001e1c   0x00000020   Code   RO          701    i.RCC_APB1PeriphClockCmd  stm32f10x_rcc.o
    0x08001e3c   0x00000020   Code   RO          702    i.RCC_APB1PeriphResetCmd  stm32f10x_rcc.o
    0x08001e5c   0x00000020   Code   RO          703    i.RCC_APB2PeriphClockCmd  stm32f10x_rcc.o
    0x08001e7c   0x00000020   Code   RO          704    i.RCC_APB2PeriphResetCmd  stm32f10x_rcc.o
    0x08001e9c   0x000000d4   Code   RO          711    i.RCC_GetClocksFreq  stm32f10x_rcc.o
    0x08001f70   0x00000002   Code   RO          149    i.SVC_Handler       stm32f10x_it.o
    0x08001f72   0x00000008   Code   RO          232    i.SetSysClock       system_stm32f10x.o
    0x08001f7a   0x00000002   PAD
    0x08001f7c   0x000000e0   Code   RO          233    i.SetSysClockTo72   system_stm32f10x.o
    0x0800205c   0x00000028   Code   RO          529    i.SysTick_CLKSourceConfig  misc.o
    0x08002084   0x00000002   Code   RO          150    i.SysTick_Handler   stm32f10x_it.o
    0x08002086   0x00000002   PAD
    0x08002088   0x00000060   Code   RO          235    i.SystemInit        system_stm32f10x.o
    0x080020e8   0x00000030   Code   RO          440    i.TIM4_IRQHandler   usart3.o
    0x08002118   0x00000058   Code   RO          441    i.TIM4_Init         usart3.o
    0x08002170   0x00000028   Code   RO          442    i.TIM4_Set          usart3.o
    0x08002198   0x00000006   Code   RO         1162    i.TIM_ClearITPendingBit  stm32f10x_tim.o
    0x0800219e   0x00000018   Code   RO         1167    i.TIM_Cmd           stm32f10x_tim.o
    0x080021b6   0x00000022   Code   RO         1188    i.TIM_GetITStatus   stm32f10x_tim.o
    0x080021d8   0x00000012   Code   RO         1192    i.TIM_ITConfig      stm32f10x_tim.o
    0x080021ea   0x00000004   Code   RO         1232    i.TIM_SetCounter    stm32f10x_tim.o
    0x080021ee   0x00000002   PAD
    0x080021f0   0x000000a4   Code   RO         1238    i.TIM_TimeBaseInit  stm32f10x_tim.o
    0x08002294   0x00000048   Code   RO          443    i.UART_DMA_Config   usart3.o
    0x080022dc   0x00000020   Code   RO          444    i.UART_DMA_Enable   usart3.o
    0x080022fc   0x00000014   Code   RO          399    i.USART1_IRQHandler  usart.o
    0x08002310   0x00000064   Code   RO          445    i.USART3_IRQHandler  usart3.o
    0x08002374   0x000000e8   Code   RO          446    i.USART3_Init       usart3.o
    0x0800245c   0x00000018   Code   RO          903    i.USART_Cmd         stm32f10x_usart.o
    0x08002474   0x00000012   Code   RO          904    i.USART_DMACmd      stm32f10x_usart.o
    0x08002486   0x00000002   PAD
    0x08002488   0x0000009c   Code   RO          905    i.USART_DeInit      stm32f10x_usart.o
    0x08002524   0x00000054   Code   RO          907    i.USART_GetITStatus  stm32f10x_usart.o
    0x08002578   0x0000004a   Code   RO          909    i.USART_ITConfig    stm32f10x_usart.o
    0x080025c2   0x00000002   PAD
    0x080025c4   0x000000d8   Code   RO          910    i.USART_Init        stm32f10x_usart.o
    0x0800269c   0x0000000a   Code   RO          917    i.USART_ReceiveData  stm32f10x_usart.o
    0x080026a6   0x00000004   Code   RO          151    i.UsageFault_Handler  stm32f10x_it.o
    0x080026aa   0x00000028   Code   RO         2506    i.__ARM_fpclassify  m_ws.l(fpclassify.o)
    0x080026d2   0x0000000e   Code   RO         2318    i._is_digit         c_w.l(__printf_wp.o)
    0x080026e0   0x00000004   Code   RO          400    i._sys_exit         usart.o
    0x080026e4   0x0000003c   Code   RO         2096    i.atk_8266_at_response  common.o
    0x08002720   0x00000034   Code   RO         2097    i.atk_8266_check_cmd  common.o
    0x08002754   0x00000074   Code   RO         2100    i.atk_8266_send_cmd  common.o
    0x080027c8   0x00000098   Code   RO         2151    i.atk_8266_wifiap_test  wifiap.o
    0x08002860   0x00000044   Code   RO          344    i.delay_init        delay.o
    0x080028a4   0x0000004c   Code   RO          345    i.delay_ms          delay.o
    0x080028f0   0x0000001c   Code   RO          401    i.fputc             usart.o
    0x0800290c   0x000000dc   Code   RO            1    i.main              main.o
    0x080029e8   0x00000040   Code   RO          447    i.u3_printf         usart3.o
    0x08002a28   0x000000a0   Code   RO          402    i.uart_init         usart.o
    0x08002ac8   0x0000002c   Code   RO         2502    locale$$code        c_w.l(lc_numeric_c.o)
    0x08002af4   0x0000002c   Code   RO         2573    locale$$code        c_w.l(lc_ctype_c.o)
    0x08002b20   0x00000004   Code   RO         2356    x$fpl$printf1       fz_ws.l(printf1.o)
    0x08002b24   0x00000000   Code   RO         2441    x$fpl$usenofp       fz_ws.l(usenofp.o)
    0x08002b24   0x00000011   Data   RO         2326    .constdata          c_w.l(__printf_flags_ss_wp.o)
    0x08002b35   0x00000003   PAD
    0x08002b38   0x00000008   Data   RO         2380    .constdata          c_w.l(_printf_wctomb.o)
    0x08002b40   0x00000028   Data   RO         2409    .constdata          c_w.l(_printf_hex_int_ll_ptr.o)
    0x08002b68   0x00000094   Data   RO         2471    .constdata          c_w.l(bigflt0.o)
    0x08002bfc   0x00000020   Data   RO         2647    Region$$Table       anon$$obj.o
    0x08002c1c   0x0000001c   Data   RO         2501    locale$$data        c_w.l(lc_numeric_c.o)
    0x08002c38   0x00000110   Data   RO         2572    locale$$data        c_w.l(lc_ctype_c.o)


    Execution Region ER_RW (Base: 0x20000000, Size: 0x00000034, Max: 0xffffffff, ABSOLUTE)

    Base Addr    Size         Type   Attr      Idx    E Section Name        Object

    0x20000000   0x00000014   Data   RW          236    .data               system_stm32f10x.o
    0x20000014   0x00000004   Data   RW          347    .data               delay.o
    0x20000018   0x00000006   Data   RW          404    .data               usart.o
    0x2000001e   0x00000002   Data   RW          449    .data               usart3.o
    0x20000020   0x00000014   Data   RW          731    .data               stm32f10x_rcc.o


    Execution Region ER_ZI (Base: 0x20000034, Size: 0x00000e64, Max: 0xffffffff, ABSOLUTE)

    Base Addr    Size         Type   Attr      Idx    E Section Name        Object

    0x20000034   0x00000004   PAD
    0x20000038   0x00000800   Zero   RW          448    .bss                usart3.o
    0x20000838   0x00000060   Zero   RW         2509    .bss                c_w.l(libspace.o)
    0x20000898   0x00000200   Zero   RW          519    HEAP                startup_stm32f10x_hd.o
    0x20000a98   0x00000400   Zero   RW          518    STACK               startup_stm32f10x_hd.o


==============================================================================

Image component sizes


      Code (inc. data)   RO Data    RW Data    ZI Data      Debug   Object Name

       164         12          0          0          0        587   adc.o
       228         46          0          0          0       1992   common.o
       144         22          0          4          0       1100   delay.o
        76          8          0          0          0        471   led.o
       220         34          0          0          0     270595   main.o
       152         12          0          0          0       1454   misc.o
        64         26        304          0       1536        776   startup_stm32f10x_hd.o
       254         24          0          0          0       5715   stm32f10x_adc.o
       428          8          0          0          0       4356   stm32f10x_dma.o
       278          0          0          0          0       1892   stm32f10x_gpio.o
        26          0          0          0          0       3434   stm32f10x_it.o
       396         56          0         20          0       6411   stm32f10x_rcc.o
       250         42          0          0          0       3863   stm32f10x_tim.o
       582         28          0          0          0       5892   stm32f10x_usart.o
         0          0          0          0          0         32   sys.o
       328         28          0         20          0       1937   system_stm32f10x.o
       212         18          0          6          0       3824   usart.o
       676         66          0          2       2048       5691   usart3.o
       152         62          0          0          0        503   wifiap.o

    ----------------------------------------------------------------------
      4644        492        336         52       3588     320525   Object Totals
         0          0         32          0          0          0   (incl. Generated)
        14          0          0          0          4          0   (incl. Padding)

    ----------------------------------------------------------------------

      Code (inc. data)   RO Data    RW Data    ZI Data      Debug   Library Member Name

        24          4          0          0          0         84   __2printf.o
         8          0          0          0          0         68   __main.o
       392          4         17          0          0         92   __printf_flags_ss_wp.o
        14          0          0          0          0         68   __printf_wp.o
         0          0          0          0          0          0   __rtentry.o
        12          0          0          0          0          0   __rtentry2.o
         6          0          0          0          0          0   __rtentry4.o
        52          8          0          0          0          0   __scatter.o
        26          0          0          0          0          0   __scatter_copy.o
        28          0          0          0          0          0   __scatter_zi.o
         6          0          0          0          0          0   _printf_a.o
         6          0          0          0          0          0   _printf_c.o
        44          0          0          0          0        108   _printf_char.o
        48          6          0          0          0         96   _printf_char_common.o
        36          4          0          0          0         80   _printf_char_file.o
        40          0          0          0          0         68   _printf_charcount.o
         6          0          0          0          0          0   _printf_d.o
       120         16          0          0          0         92   _printf_dec.o
         6          0          0          0          0          0   _printf_e.o
         6          0          0          0          0          0   _printf_f.o
      1050          0          0          0          0        216   _printf_fp_dec.o
       128         16          0          0          0         84   _printf_fp_infnan.o
         6          0          0          0          0          0   _printf_g.o
       148          4         40          0          0        160   _printf_hex_int_ll_ptr.o
         6          0          0          0          0          0   _printf_i.o
       178          0          0          0          0         88   _printf_intcommon.o
        10          0          0          0          0          0   _printf_l.o
         6          0          0          0          0          0   _printf_lc.o
        10          0          0          0          0          0   _printf_ll.o
         6          0          0          0          0          0   _printf_lld.o
         6          0          0          0          0          0   _printf_lli.o
         6          0          0          0          0          0   _printf_llo.o
         6          0          0          0          0          0   _printf_llu.o
         6          0          0          0          0          0   _printf_llx.o
       124         16          0          0          0         92   _printf_longlong_dec.o
         6          0          0          0          0          0   _printf_ls.o
         6          0          0          0          0          0   _printf_n.o
         6          0          0          0          0          0   _printf_o.o
       112          8          0          0          0        124   _printf_oct_int_ll.o
         6          0          0          0          0          0   _printf_p.o
        78          0          0          0          0        108   _printf_pad.o
         0          0          0          0          0          0   _printf_percent.o
         4          0          0          0          0          0   _printf_percent_end.o
         6          0          0          0          0          0   _printf_s.o
        82          0          0          0          0         80   _printf_str.o
        36          0          0          0          0         84   _printf_truncate.o
         6          0          0          0          0          0   _printf_u.o
        44          0          0          0          0        108   _printf_wchar.o
       188          6          8          0          0         92   _printf_wctomb.o
         6          0          0          0          0          0   _printf_x.o
        10          0          0          0          0         68   _sputc.o
        64          0          0          0          0         92   _wcrtomb.o
       220          4        148          0          0         96   bigflt0.o
      1910        128          0          0          0        672   btod.o
        36          4          0          0          0         76   c89vsprintf.o
        12          0          0          0          0         72   exit.o
         8          0          0          0          0         68   ferror.o
         6          0          0          0          0        152   heapauxi.o
        44         10        272          0          0         76   lc_ctype_c.o
        44         10         28          0          0         76   lc_numeric_c.o
         2          0          0          0          0          0   libinit.o
        30          0          0          0          0          0   libinit2.o
         2          0          0          0          0          0   libshutdown.o
         2          0          0          0          0          0   libshutdown2.o
         8          4          0          0         96         68   libspace.o
       138          0          0          0          0         80   lludiv10.o
        16          4          0          0          0         76   rt_ctype_table.o
         8          4          0          0          0         68   rt_locale_intlibspace.o
         2          0          0          0          0          0   rtexit.o
        10          0          0          0          0          0   rtexit2.o
       128          0          0          0          0         68   strcmpv7m.o
        62          0          0          0          0         76   strlen.o
        36          0          0          0          0         80   strstr.o
        74          0          0          0          0         80   sys_stackheap_outer.o
         2          0          0          0          0         68   use_no_semi.o
         2          0          0          0          0         68   use_no_semi_2.o
         4          0          0          0          0         68   printf1.o
         0          0          0          0          0          0   usenofp.o
        40          0          0          0          0         68   fpclassify.o

    ----------------------------------------------------------------------
      6096        260        516          0         96       4308   Library Totals
        14          0          3          0          0          0   (incl. Padding)

    ----------------------------------------------------------------------

      Code (inc. data)   RO Data    RW Data    ZI Data      Debug   Library Name

      6038        260        513          0         96       4172   c_w.l
         4          0          0          0          0         68   fz_ws.l
        40          0          0          0          0         68   m_ws.l

    ----------------------------------------------------------------------
      6096        260        516          0         96       4308   Library Totals

    ----------------------------------------------------------------------

==============================================================================


      Code (inc. data)   RO Data    RW Data    ZI Data      Debug   

     10740        752        852         52       3684     319161   Grand Totals
     10740        752        852         52       3684     319161   ELF Image Totals
     10740        752        852         52          0          0   ROM Totals

==============================================================================

    Total RO  Size (Code + RO Data)                11592 (  11.32kB)
    Total RW  Size (RW Data + ZI Data)              3736 (   3.65kB)
    Total ROM Size (Code + RO Data + RW Data)      11644 (  11.37kB)

==============================================================================

